Archive member included because of file (symbol)

ym/mbed-hal-nrf51822-mcu/existing/mbed-hal-nrf51822-mcu.a(startup_nRF51822.S.obj)
                              (Reset_Handler)
ym/ble/source/ble.a(BLE.cpp.o)
                              source/CMakeFiles/cuesbeacons.dir/Users/joeisaacs/Hackathon/CUES-Hackathon/source/main.cpp.o (BLE::init())
ym/ble/source/ble.a(GapScanningParams.cpp.o)
                              source/CMakeFiles/cuesbeacons.dir/Users/joeisaacs/Hackathon/CUES-Hackathon/source/main.cpp.o (GapScanningParams::setInterval(unsigned short))
ym/ble-nrf51822/source/ble-nrf51822.a(nRF5xn.cpp.o)
                              ym/ble/source/ble.a(BLE.cpp.o) (createBLEInstance())
ym/ble-nrf51822/source/ble-nrf51822.a(nRF5xGattServer.cpp.o)
                              ym/ble-nrf51822/source/ble-nrf51822.a(nRF5xn.cpp.o) (nRF5xGattServer::getInstance())
ym/ble-nrf51822/source/ble-nrf51822.a(btle.cpp.o)
                              ym/ble-nrf51822/source/ble-nrf51822.a(nRF5xn.cpp.o) (btle_init)
ym/ble-nrf51822/source/ble-nrf51822.a(nRF5xGattClient.cpp.o)
                              ym/ble-nrf51822/source/ble-nrf51822.a(nRF5xn.cpp.o) (nRF5xGattClient::getInstance())
ym/ble-nrf51822/source/ble-nrf51822.a(nRF5xSecurityManager.cpp.o)
                              ym/ble-nrf51822/source/ble-nrf51822.a(nRF5xn.cpp.o) (nRF5xSecurityManager::getInstance())
ym/ble-nrf51822/source/ble-nrf51822.a(btle_gap.cpp.o)
                              ym/ble-nrf51822/source/ble-nrf51822.a(btle.cpp.o) (btle_gap_init())
ym/ble-nrf51822/source/ble-nrf51822.a(nRF5xGap.cpp.o)
                              ym/ble-nrf51822/source/ble-nrf51822.a(nRF5xn.cpp.o) (nRF5xGap::getInstance())
ym/ble-nrf51822/source/ble-nrf51822.a(btle_discovery.cpp.o)
                              ym/ble-nrf51822/source/ble-nrf51822.a(btle.cpp.o) (bleGattcEventHandler(ble_evt_t const*))
ym/ble-nrf51822/source/ble-nrf51822.a(nRF5xServiceDiscovery.cpp.o)
                              ym/ble-nrf51822/source/ble-nrf51822.a(btle_discovery.cpp.o) (nRF5xServiceDiscovery::progressCharacteristicDiscovery())
ym/ble-nrf51822/source/ble-nrf51822.a(softdevice_handler.c.o)
                              ym/ble-nrf51822/source/ble-nrf51822.a(btle.cpp.o) (intern_softdevice_events_execute)
ym/ble-nrf51822/source/ble-nrf51822.a(device_manager_peripheral.c.o)
                              ym/ble-nrf51822/source/ble-nrf51822.a(btle.cpp.o) (dm_ble_evt_handler)
ym/ble-nrf51822/source/ble-nrf51822.a(pstorage.c.o)
                              ym/ble-nrf51822/source/ble-nrf51822.a(btle.cpp.o) (pstorage_sys_event_handler)
ym/ble-nrf51822/source/ble-nrf51822.a(custom_helper.cpp.o)
                              ym/ble-nrf51822/source/ble-nrf51822.a(nRF5xGattServer.cpp.o) (custom_convert_to_nordic_uuid)
ym/ble-nrf51822/source/ble-nrf51822.a(btle_security.cpp.o)
                              ym/ble-nrf51822/source/ble-nrf51822.a(nRF5xSecurityManager.cpp.o) (btle_initializeSecurity(bool, bool, SecurityManager::SecurityIOCapabilities_t, unsigned char const*))
ym/ble-nrf51822/source/ble-nrf51822.a(ble_radio_notification.c.o)
                              ym/ble-nrf51822/source/ble-nrf51822.a(nRF5xGap.cpp.o) (ble_radio_notification_init)
ym/ble-nrf51822/source/ble-nrf51822.a(nRF5xDiscoveredCharacteristic.cpp.o)
                              ym/ble-nrf51822/source/ble-nrf51822.a(nRF5xServiceDiscovery.cpp.o) (nRF5xDiscoveredCharacteristic::setup(nRF5xGattClient*, unsigned short, ble_gatt_char_props_t, unsigned short, unsigned short))
ym/mbed-drivers/source/mbed-drivers.a(retarget.cpp.o)
                              ym/ble-nrf51822/source/ble-nrf51822.a(nRF5xGap.cpp.o) (__cxa_pure_virtual)
ym/mbed-drivers/source/mbed-drivers.a(error.c.o)
                              source/CMakeFiles/cuesbeacons.dir/Users/joeisaacs/Hackathon/CUES-Hackathon/source/main.cpp.o (error)
ym/mbed-drivers/source/mbed-drivers.a(exit.c.o)
                              /usr/local/Cellar/arm-none-eabi-gcc/4.9-2015-q2-update/bin/../lib/gcc/arm-none-eabi/4.9.3/../../../../arm-none-eabi/lib/armv6-m/crt0.o (exit)
ym/mbed-drivers/source/mbed-drivers.a(FileSystemLike.cpp.o)
                              ym/mbed-drivers/source/mbed-drivers.a(retarget.cpp.o) (mbed::FileSystemLike::opendir())
ym/mbed-drivers/source/mbed-drivers.a(gpio.c.o)
                              source/CMakeFiles/cuesbeacons.dir/Users/joeisaacs/Hackathon/CUES-Hackathon/source/main.cpp.o (gpio_init_out_ex)
ym/mbed-drivers/source/mbed-drivers.a(FilePath.cpp.o)
                              ym/mbed-drivers/source/mbed-drivers.a(retarget.cpp.o) (mbed::FilePath::FilePath(char const*))
ym/mbed-drivers/source/mbed-drivers.a(board.c.o)
                              ym/mbed-drivers/source/mbed-drivers.a(exit.c.o) (mbed_die)
ym/mbed-drivers/source/mbed-drivers.a(FileBase.cpp.o)
                              ym/mbed-drivers/source/mbed-drivers.a(FileSystemLike.cpp.o) (mbed::FileBase::~FileBase())
ym/mbed-drivers/source/mbed-drivers.a(wait_api.c.o)
[...]
Memory Configuration

Name             Origin             Length             Attributes
FLASH            0x000000000001c000 0x0000000000024000 xr
RAM              0x0000000020002800 0x0000000000001800 xrw
*default*        0x0000000000000000 0xffffffffffffffff

Linker script and memory map

LOAD /usr/local/Cellar/arm-none-eabi-gcc/4.9-2015-q2-update/bin/../lib/gcc/arm-none-eabi/4.9.3/armv6-m/crti.o
LOAD /usr/local/Cellar/arm-none-eabi-gcc/4.9-2015-q2-update/bin/../lib/gcc/arm-none-eabi/4.9.3/armv6-m/crtbegin.o
LOAD /usr/local/Cellar/arm-none-eabi-gcc/4.9-2015-q2-update/bin/../lib/gcc/arm-none-eabi/4.9.3/../../../../arm-none-eabi/lib/armv6-m/crt0.o
START GROUP
LOAD source/CMakeFiles/cuesbeacons.dir/Users/joeisaacs/Hackathon/CUES-Hackathon/source/Beacon.cpp.o
LOAD source/CMakeFiles/cuesbeacons.dir/Users/joeisaacs/Hackathon/CUES-Hackathon/source/main.cpp.o
LOAD ym/mbed-hal-nrf51822-mcu/existing/mbed-hal-nrf51822-mcu.a
LOAD ym/ble/source/ble.a
LOAD ym/ble-nrf51822/source/ble-nrf51822.a
LOAD ym/ble/source/ble.a
LOAD ym/ble-nrf51822/source/ble-nrf51822.a
LOAD ym/mbed-hal-nrf51822-mcu/existing/mbed-hal-nrf51822-mcu.a
LOAD ym/mbed-hal/source/mbed-hal.a
LOAD ym/mbed-hal-nordic/yotta_dummy_lib_mbed_hal_nordic/mbed-hal-nordic.a
LOAD ym/mbed-hal-blenano/source/mbed-hal-blenano.a
LOAD ym/mbed-drivers/source/mbed-drivers.a
LOAD ym/minar/source/minar.a
LOAD ym/core-util/source/core-util.a
LOAD ym/minar-platform/yotta_dummy_lib_minar_platform/minar-platform.a
LOAD ym/minar-platform-mbed/source/minar-platform-mbed.a
LOAD ym/mbed-hal-nrf51822-mcu/existing/mbed-hal-nrf51822-mcu.a
LOAD ym/mbed-hal/source/mbed-hal.a
LOAD ym/mbed-hal-nordic/yotta_dummy_lib_mbed_hal_nordic/mbed-hal-nordic.a
LOAD ym/mbed-hal-blenano/source/mbed-hal-blenano.a
LOAD ym/mbed-drivers/source/mbed-drivers.a
LOAD ym/minar/source/minar.a
LOAD ym/core-util/source/core-util.a
LOAD ym/minar-platform/yotta_dummy_lib_minar_platform/minar-platform.a
LOAD ym/minar-platform-mbed/source/minar-platform-mbed.a
LOAD ym/compiler-polyfill/yotta_dummy_lib_compiler_polyfill/compiler-polyfill.a
LOAD ym/ualloc/source/ualloc.a
LOAD ym/dlmalloc/source/dlmalloc.a
LOAD ym/cmsis-core/source/cmsis-core.a
LOAD ym/cmsis-core-nordic/yotta_dummy_lib_cmsis_core_nordic/cmsis-core-nordic.a
LOAD ym/cmsis-core-nrf51822/source/cmsis-core-nrf51822.a
LOAD ym/cmsis-core/source/cmsis-core.a
LOAD ym/cmsis-core-nordic/yotta_dummy_lib_cmsis_core_nordic/cmsis-core-nordic.a
LOAD ym/cmsis-core-nrf51822/source/cmsis-core-nrf51822.a
LOAD /usr/local/Cellar/arm-none-eabi-gcc/4.9-2015-q2-update/bin/../lib/gcc/arm-none-eabi/4.9.3/../../../../arm-none-eabi/lib/armv6-m/libstdc++_nano.a
LOAD /usr/local/Cellar/arm-none-eabi-gcc/4.9-2015-q2-update/bin/../lib/gcc/arm-none-eabi/4.9.3/../../../../arm-none-eabi/lib/armv6-m/libsupc++_nano.a
LOAD /usr/local/Cellar/arm-none-eabi-gcc/4.9-2015-q2-update/bin/../lib/gcc/arm-none-eabi/4.9.3/armv6-m/libgcc.a
LOAD /usr/local/Cellar/arm-none-eabi-gcc/4.9-2015-q2-update/bin/../lib/gcc/arm-none-eabi/4.9.3/../../../../arm-none-eabi/lib/armv6-m/libstdc++_nano.a
LOAD /usr/local/Cellar/arm-none-eabi-gcc/4.9-2015-q2-update/bin/../lib/gcc/arm-none-eabi/4.9.3/../../../../arm-none-eabi/lib/armv6-m/libsupc++_nano.a
LOAD /usr/local/Cellar/arm-none-eabi-gcc/4.9-2015-q2-update/bin/../lib/gcc/arm-none-eabi/4.9.3/../../../../arm-none-eabi/lib/armv6-m/libm.a
LOAD /usr/local/Cellar/arm-none-eabi-gcc/4.9-2015-q2-update/bin/../lib/gcc/arm-none-eabi/4.9.3/../../../../arm-none-eabi/lib/armv6-m/libc_nano.a
LOAD /usr/local/Cellar/arm-none-eabi-gcc/4.9-2015-q2-update/bin/../lib/gcc/arm-none-eabi/4.9.3/armv6-m/libgcc.a
END GROUP
LOAD /usr/local/Cellar/arm-none-eabi-gcc/4.9-2015-q2-update/bin/../lib/gcc/arm-none-eabi/4.9.3/../../../../arm-none-eabi/lib/armv6-m/libstdc++_nano.a
LOAD /usr/local/Cellar/arm-none-eabi-gcc/4.9-2015-q2-update/bin/../lib/gcc/arm-none-eabi/4.9.3/../../../../arm-none-eabi/lib/armv6-m/libm.a
LOAD /usr/local/Cellar/arm-none-eabi-gcc/4.9-2015-q2-update/bin/../lib/gcc/arm-none-eabi/4.9.3/../../../../arm-none-eabi/lib/armv6-m/libc_nano.a
START GROUP
LOAD /usr/local/Cellar/arm-none-eabi-gcc/4.9-2015-q2-update/bin/../lib/gcc/arm-none-eabi/4.9.3/armv6-m/libgcc.a
LOAD /usr/local/Cellar/arm-none-eabi-gcc/4.9-2015-q2-update/bin/../lib/gcc/arm-none-eabi/4.9.3/../../../../arm-none-eabi/lib/armv6-m/libc_nano.a
END GROUP
START GROUP
LOAD /usr/local/Cellar/arm-none-eabi-gcc/4.9-2015-q2-update/bin/../lib/gcc/arm-none-eabi/4.9.3/armv6-m/libgcc.a
LOAD /usr/local/Cellar/arm-none-eabi-gcc/4.9-2015-q2-update/bin/../lib/gcc/arm-none-eabi/4.9.3/../../../../arm-none-eabi/lib/armv6-m/libc_nano.a
END GROUP
LOAD /usr/local/Cellar/arm-none-eabi-gcc/4.9-2015-q2-update/bin/../lib/gcc/arm-none-eabi/4.9.3/armv6-m/crtend.o
LOAD /usr/local/Cellar/arm-none-eabi-gcc/4.9-2015-q2-update/bin/../lib/gcc/arm-none-eabi/4.9.3/armv6-m/crtn.o

.text           0x000000000001c000     0x8f4c
 *(SORT(.Vectors))
 .Vectors       0x000000000001c000       0xc0 ym/mbed-hal-nrf51822-mcu/existing/mbed-hal-nrf51822-mcu.a(startup_nRF51822.S.obj)
                0x000000000001c000                __Vectors
 *(SORT(.text*))
 .text          0x000000000001c0c0       0x60 /usr/local/Cellar/arm-none-eabi-gcc/4.9-2015-q2-update/bin/../lib/gcc/arm-none-eabi/4.9.3/armv6-m/crtbegin.o
 .text          0x000000000001c120       0x78 /usr/local/Cellar/arm-none-eabi-gcc/4.9-2015-q2-update/bin/../lib/gcc/arm-none-eabi/4.9.3/../../../../arm-none-eabi/lib/armv6-m/crt0.o
                0x000000000001c120                _mainCRTStartup
                0x000000000001c120                _start
 .text._ZN4mbed4util19FunctionPointerBindIvED2Ev
                0x000000000001c198       0x18 source/CMakeFiles/cuesbeacons.dir/Users/joeisaacs/Hackathon/CUES-Hackathon/source/main.cpp.o
                0x000000000001c198                mbed::util::FunctionPointerBind<void>::~FunctionPointerBind()
                0x000000000001c198                mbed::util::FunctionPointerBind<void>::~FunctionPointerBind()
 .text._ZN4mbed4util19FunctionPointerBindIvE5clearEv
                0x000000000001c1b0       0x20 source/CMakeFiles/cuesbeacons.dir/Users/joeisaacs/Hackathon/CUES-Hackathon/source/main.cpp.o
                0x000000000001c1b0                mbed::util::FunctionPointerBind<void>::clear()
 .text._ZN3BLE3gapEv
                0x000000000001c1d0       0x20 source/CMakeFiles/cuesbeacons.dir/Users/joeisaacs/Hackathon/CUES-Hackathon/source/main.cpp.o
                0x000000000001c1d0                BLE::gap()
 .text._ZN4mbed4util19FunctionPointerBindIvE4bindINS0_16FunctionPointer0IvE10arg_structEEERS2_PKNS0_19FunctionPointerBaseIvE6ArgOpsEPT_PS9_z
                0x000000000001c1f0       0x60 source/CMakeFiles/cuesbeacons.dir/Users/joeisaacs/Hackathon/CUES-Hackathon/source/main.cpp.o
                0x000000000001c1f0                mbed::util::FunctionPointerBind<void>& mbed::util::FunctionPointerBind<void>::bind<mbed::util::FunctionPointer0<void>::arg_struct>(mbed::util::FunctionPointerBase<void>::ArgOps const*, mbed::util::FunctionPointer0<void>::arg_struct*, mbed::util::FunctionPointerBase<void>*, ...)
 .text.app_start
                0x000000000001c250      0x1e0 source/CMakeFiles/cuesbeacons.dir/Users/joeisaacs/Hackathon/CUES-Hackathon/source/main.cpp.o
                0x000000000001c250                app_start
 .text._Z13blinkCallbackv
                0x000000000001c430       0xe0 source/CMakeFiles/cuesbeacons.dir/Users/joeisaacs/Hackathon/CUES-Hackathon/source/main.cpp.o
                0x000000000001c430                blinkCallback()
 .text._Z21advertisementCallbackPKN3Gap29AdvertisementCallbackParams_tE
                0x000000000001c510       0xe8 source/CMakeFiles/cuesbeacons.dir/Users/joeisaacs/Hackathon/CUES-Hackathon/source/main.cpp.o
                0x000000000001c510                advertisementCallback(Gap::AdvertisementCallbackParams_t const*)
 .text.startup._GLOBAL__sub_I_ble
                0x000000000001c5f8       0x74 source/CMakeFiles/cuesbeacons.dir/Users/joeisaacs/Hackathon/CUES-Hackathon/source/main.cpp.o
 .text          0x000000000001c66c       0x48 ym/mbed-hal-nrf51822-mcu/existing/mbed-hal-nrf51822-mcu.a(startup_nRF51822.S.obj)
                0x000000000001c66c                Reset_Handler
                0x000000000001c6a8                NMI_Handler
                0x000000000001c6aa                HardFault_Handler
                0x000000000001c6ac                SVC_Handler
                0x000000000001c6ae                PendSV_Handler
                0x000000000001c6b0                SysTick_Handler
                0x000000000001c6b2                LPCOMP_IRQHandler
                0x000000000001c6b2                SWI4_IRQHandler
                0x000000000001c6b2                TEMP_IRQHandler
                0x000000000001c6b2                QDEC_IRQHandler
                0x000000000001c6b2                SWI5_IRQHandler
                0x000000000001c6b2                TIMER0_IRQHandler
                0x000000000001c6b2                SWI0_IRQHandler
                0x000000000001c6b2                TIMER1_IRQHandler
                0x000000000001c6b2                ECB_IRQHandler
                0x000000000001c6b2                Default_Handler
                0x000000000001c6b2                ADC_IRQHandler
                0x000000000001c6b2                SWI3_IRQHandler
                0x000000000001c6b2                CCM_AAR_IRQHandler
                0x000000000001c6b2                WDT_IRQHandler
                0x000000000001c6b2                RNG_IRQHandler
                0x000000000001c6b2                TIMER2_IRQHandler
                0x000000000001c6b2                SPI1_TWI1_IRQHandler
                0x000000000001c6b2                SPI0_TWI0_IRQHandler
                0x000000000001c6b2                RTC0_IRQHandler
                0x000000000001c6b2                GPIOTE_IRQHandler
                0x000000000001c6b2                POWER_CLOCK_IRQHandler
                0x000000000001c6b2                RADIO_IRQHandler
 .text._ZN3BLEC2Ej
                0x000000000001c6b4       0x28 ym/ble/source/ble.a(BLE.cpp.o)
                0x000000000001c6b4                BLE::BLE(unsigned int)
                0x000000000001c6b4                BLE::BLE(unsigned int)
 .text._ZN17GapScanningParamsC2Etttb
                0x000000000001c6dc       0x6c ym/ble/source/ble.a(GapScanningParams.cpp.o)
                0x000000000001c6dc                GapScanningParams::GapScanningParams(unsigned short, unsigned short, unsigned short, bool)
                0x000000000001c6dc                GapScanningParams::GapScanningParams(unsigned short, unsigned short, unsigned short, bool)
 .text._ZN17GapScanningParams11setIntervalEt
                0x000000000001c748       0x30 ym/ble/source/ble.a(GapScanningParams.cpp.o)
                0x000000000001c748                GapScanningParams::setInterval(unsigned short)
 .text._ZN17GapScanningParams9setWindowEt
                0x000000000001c778       0x30 ym/ble/source/ble.a(GapScanningParams.cpp.o)
                0x000000000001c778                GapScanningParams::setWindow(unsigned short)
 .text._ZN6nRF5xn10getVersionEv
                0x000000000001c7a8       0x68 ym/ble-nrf51822/source/ble-nrf51822.a(nRF5xn.cpp.o)
                0x000000000001c7a8                nRF5xn::getVersion()
 .text._Z17createBLEInstancev
                0x000000000001c810        0x8 ym/ble-nrf51822/source/ble-nrf51822.a(nRF5xn.cpp.o)
                0x000000000001c810                createBLEInstance()
 .text.startup._GLOBAL__sub_I__Z17createBLEInstancev
                0x000000000001c818       0x24 ym/ble-nrf51822/source/ble-nrf51822.a(nRF5xn.cpp.o)
 .text._ZN15nRF5xGattServer4readEtPhPt
                0x000000000001c83c       0x1c ym/ble-nrf51822/source/ble-nrf51822.a(nRF5xGattServer.cpp.o)
                0x000000000001c83c                nRF5xGattServer::read(unsigned short, unsigned char*, unsigned short*)
 .text._ZN15nRF5xGattServer5writeEtPKhtb
                0x000000000001c858       0x20 ym/ble-nrf51822/source/ble-nrf51822.a(nRF5xGattServer.cpp.o)
                0x000000000001c858                nRF5xGattServer::write(unsigned short, unsigned char const*, unsigned short, bool)
 .text._ZN38CallChainOfFunctionPointersWithContextIjED2Ev
                0x000000000001c878       0x20 ym/ble-nrf51822/source/ble-nrf51822.a(nRF5xGattServer.cpp.o)
                0x000000000001c878                CallChainOfFunctionPointersWithContext<unsigned int>::~CallChainOfFunctionPointersWithContext()
                0x000000000001c878                CallChainOfFunctionPointersWithContext<unsigned int>::~CallChainOfFunctionPointersWithContext()
 .text._ZN38CallChainOfFunctionPointersWithContextIPK23GattWriteCallbackParamsED2Ev
                0x000000000001c898       0x20 ym/ble-nrf51822/source/ble-nrf51822.a(nRF5xGattServer.cpp.o)
                0x000000000001c898                CallChainOfFunctionPointersWithContext<GattWriteCallbackParams const*>::~CallChainOfFunctionPointersWithContext()
                0x000000000001c898                CallChainOfFunctionPointersWithContext<GattWriteCallbackParams const*>::~CallChainOfFunctionPointersWithContext()
 .text._ZN38CallChainOfFunctionPointersWithContextIPK22GattReadCallbackParamsED2Ev
                0x000000000001c8b8       0x20 ym/ble-nrf51822/source/ble-nrf51822.a(nRF5xGattServer.cpp.o)
                0x000000000001c8b8                CallChainOfFunctionPointersWithContext<GattReadCallbackParams const*>::~CallChainOfFunctionPointersWithContext()
                0x000000000001c8b8                CallChainOfFunctionPointersWithContext<GattReadCallbackParams const*>::~CallChainOfFunctionPointersWithContext()
 .text._ZN15nRF5xGattServerD2Ev
                0x000000000001c8d8       0x28 ym/ble-nrf51822/source/ble-nrf51822.a(nRF5xGattServer.cpp.o)
                0x000000000001c8d8                nRF5xGattServer::~nRF5xGattServer()
                0x000000000001c8d8                nRF5xGattServer::~nRF5xGattServer()
 .text._ZN15nRF5xGattServer5writeEttPKhtb
                0x000000000001c900       0xe4 ym/ble-nrf51822/source/ble-nrf51822.a(nRF5xGattServer.cpp.o)
                0x000000000001c900                nRF5xGattServer::write(unsigned short, unsigned short, unsigned char const*, unsigned short, bool)
 .text._ZN15nRF5xGattServer10addServiceER11GattService
                0x000000000001c9e4      0x1b4 ym/ble-nrf51822/source/ble-nrf51822.a(nRF5xGattServer.cpp.o)
                0x000000000001c9e4                nRF5xGattServer::addService(GattService&)
 .text._ZN15nRF5xGattServer11getInstanceEv
                0x000000000001cb98       0xbc ym/ble-nrf51822/source/ble-nrf51822.a(nRF5xGattServer.cpp.o)
                0x000000000001cb98                nRF5xGattServer::getInstance()
 .text._ZL12btle_handlerP9ble_evt_t
                0x000000000001cc54      0x198 ym/ble-nrf51822/source/ble-nrf51822.a(btle.cpp.o)
 .text.btle_init
                0x000000000001cdec       0xa0 ym/ble-nrf51822/source/ble-nrf51822.a(btle.cpp.o)
                0x000000000001cdec                btle_init
 .text.app_error_handler
                0x000000000001ce8c       0x20 ym/ble-nrf51822/source/ble-nrf51822.a(btle.cpp.o)
                0x000000000001ce8c                app_error_handler
 .text._ZL12eventHandlerv
                0x000000000001ceac       0x6c ym/ble-nrf51822/source/ble-nrf51822.a(btle.cpp.o)
 .text._ZNK15nRF5xGattClient5writeEN10GattClient9WriteOp_tEttjPKh
                0x000000000001cf18       0x40 ym/ble-nrf51822/source/ble-nrf51822.a(nRF5xGattClient.cpp.o)
                0x000000000001cf18                nRF5xGattClient::write(GattClient::WriteOp_t, unsigned short, unsigned short, unsigned int, unsigned char const*) const
 .text._ZN21nRF5xServiceDiscovery6launchEtPFvPK17DiscoveredServiceEPFvPK24DiscoveredCharacteristicERK4UUIDSC_
                0x000000000001cf58       0x78 ym/ble-nrf51822/source/ble-nrf51822.a(nRF5xGattClient.cpp.o)
                0x000000000001cf58                nRF5xServiceDiscovery::launch(unsigned short, void (*)(DiscoveredService const*), void (*)(DiscoveredCharacteristic const*), UUID const&, UUID const&)
 .text._ZN15nRF5xGattClient11getInstanceEv
                0x000000000001cfd0       0xc8 ym/ble-nrf51822/source/ble-nrf51822.a(nRF5xGattClient.cpp.o)
                0x000000000001cfd0                nRF5xGattClient::getInstance()
 .text._ZN20nRF5xSecurityManager11getInstanceEv
                0x000000000001d098       0x2c ym/ble-nrf51822/source/ble-nrf51822.a(nRF5xSecurityManager.cpp.o)
                0x000000000001d098                nRF5xSecurityManager::getInstance()
 .text._Z13btle_gap_initv
                0x000000000001d0c4       0x54 ym/ble-nrf51822/source/ble-nrf51822.a(btle_gap.cpp.o)
                0x000000000001d0c4                btle_gap_init()
 .text._ZNK3Gap25getMaxAdvertisingIntervalEv
                0x000000000001d118        0x8 ym/ble-nrf51822/source/ble-nrf51822.a(nRF5xGap.cpp.o)
                0x000000000001d118                Gap::getMaxAdvertisingInterval() const
 .text._ZN8nRF5xGap16startAdvertisingERK20GapAdvertisingParams
                0x000000000001d120       0x74 ym/ble-nrf51822/source/ble-nrf51822.a(nRF5xGap.cpp.o)
                0x000000000001d120                nRF5xGap::startAdvertising(GapAdvertisingParams const&)
 .text._ZN8nRF5xGap7connectEPKhN3Gap13AddressType_tEPKNS2_18ConnectionParams_tEPK17GapScanningParams
                0x000000000001d194       0xa8 ym/ble-nrf51822/source/ble-nrf51822.a(nRF5xGap.cpp.o)
                0x000000000001d194                nRF5xGap::connect(unsigned char const*, Gap::AddressType_t, Gap::ConnectionParams_t const*, GapScanningParams const*)
 .text._ZN8nRF5xGap25getPermittedTxPowerValuesEPPKaPj
                0x000000000001d23c       0x10 ym/ble-nrf51822/source/ble-nrf51822.a(nRF5xGap.cpp.o)
                0x000000000001d23c                nRF5xGap::getPermittedTxPowerValues(signed char const**, unsigned int*)
 .text._ZN8nRF5xGap21initRadioNotificationEv
                0x000000000001d24c       0x1c ym/ble-nrf51822/source/ble-nrf51822.a(nRF5xGap.cpp.o)
                0x000000000001d24c                nRF5xGap::initRadioNotification()
 .text._ZN38CallChainOfFunctionPointersWithContextIPKN3Gap26ConnectionCallbackParams_tEED2Ev
                0x000000000001d268       0x20 ym/ble-nrf51822/source/ble-nrf51822.a(nRF5xGap.cpp.o)
                0x000000000001d268                CallChainOfFunctionPointersWithContext<Gap::ConnectionCallbackParams_t const*>::~CallChainOfFunctionPointersWithContext()
                0x000000000001d268                CallChainOfFunctionPointersWithContext<Gap::ConnectionCallbackParams_t const*>::~CallChainOfFunctionPointersWithContext()
 .text._ZN38CallChainOfFunctionPointersWithContextIPKN3Gap29DisconnectionCallbackParams_tEED2Ev
                0x000000000001d288       0x20 ym/ble-nrf51822/source/ble-nrf51822.a(nRF5xGap.cpp.o)
                0x000000000001d288                CallChainOfFunctionPointersWithContext<Gap::DisconnectionCallbackParams_t const*>::~CallChainOfFunctionPointersWithContext()
                0x000000000001d288                CallChainOfFunctionPointersWithContext<Gap::DisconnectionCallbackParams_t const*>::~CallChainOfFunctionPointersWithContext()
 .text._ZN8nRF5xGapD2Ev
                0x000000000001d2a8       0x20 ym/ble-nrf51822/source/ble-nrf51822.a(nRF5xGap.cpp.o)
                0x000000000001d2a8                nRF5xGap::~nRF5xGap()
                0x000000000001d2a8                nRF5xGap::~nRF5xGap()
 .text._ZN8nRF5xGap11getInstanceEv
                0x000000000001d2c8      0x104 ym/ble-nrf51822/source/ble-nrf51822.a(nRF5xGap.cpp.o)
                0x000000000001d2c8                nRF5xGap::getInstance()
 .text._ZN21nRF5xServiceDiscovery29launchCharacteristicDiscoveryEttt
                0x000000000001d3cc       0x4c ym/ble-nrf51822/source/ble-nrf51822.a(nRF5xServiceDiscovery.cpp.o)
                0x000000000001d3cc                nRF5xServiceDiscovery::launchCharacteristicDiscovery(unsigned short, unsigned short, unsigned short)
 .text._ZN21nRF5xServiceDiscovery24progressServiceDiscoveryEv
                0x000000000001d418       0xe4 ym/ble-nrf51822/source/ble-nrf51822.a(nRF5xServiceDiscovery.cpp.o)
                0x000000000001d418                nRF5xServiceDiscovery::progressServiceDiscovery()
 .text._ZN21nRF5xServiceDiscovery25ServiceUUIDDiscoveryQueue12triggerFirstEv
                0x000000000001d4fc       0x58 ym/ble-nrf51822/source/ble-nrf51822.a(nRF5xServiceDiscovery.cpp.o)
                0x000000000001d4fc                nRF5xServiceDiscovery::ServiceUUIDDiscoveryQueue::triggerFirst()
 .text._ZN21nRF5xServiceDiscovery22CharUUIDDiscoveryQueue12triggerFirstEv
                0x000000000001d554       0x5c ym/ble-nrf51822/source/ble-nrf51822.a(nRF5xServiceDiscovery.cpp.o)
                0x000000000001d554                nRF5xServiceDiscovery::CharUUIDDiscoveryQueue::triggerFirst()
 .text._ZN21nRF5xServiceDiscovery27processDiscoverUUIDResponseEPK41ble_gattc_evt_char_val_by_uuid_read_rsp_t
                0x000000000001d5b0       0xdc ym/ble-nrf51822/source/ble-nrf51822.a(nRF5xServiceDiscovery.cpp.o)
                0x000000000001d5b0                nRF5xServiceDiscovery::processDiscoverUUIDResponse(ble_gattc_evt_char_val_by_uuid_read_rsp_t const*)
 .text.intern_softdevice_events_execute
                0x000000000001d68c       0xb0 ym/ble-nrf51822/source/ble-nrf51822.a(softdevice_handler.c.o)
                0x000000000001d68c                intern_softdevice_events_execute
 .text.softdevice_handler_init
                0x000000000001d73c       0x48 ym/ble-nrf51822/source/ble-nrf51822.a(softdevice_handler.c.o)
                0x000000000001d73c                softdevice_handler_init
 .text.softdevice_handler_sd_disable
                0x000000000001d784       0x18 ym/ble-nrf51822/source/ble-nrf51822.a(softdevice_handler.c.o)
                0x000000000001d784                softdevice_handler_sd_disable
 .text.softdevice_ble_evt_handler_set
                0x000000000001d79c       0x14 ym/ble-nrf51822/source/ble-nrf51822.a(softdevice_handler.c.o)
                0x000000000001d79c                softdevice_ble_evt_handler_set
 .text.softdevice_sys_evt_handler_set
                0x000000000001d7b0       0x14 ym/ble-nrf51822/source/ble-nrf51822.a(softdevice_handler.c.o)
                0x000000000001d7b0                softdevice_sys_evt_handler_set
 .text.SWI2_IRQHandler
                0x000000000001d7c4       0x24 ym/ble-nrf51822/source/ble-nrf51822.a(softdevice_handler.c.o)
                0x000000000001d7c4                SWI2_IRQHandler
 .text.gatts_context_store
                0x000000000001d7e8       0xb8 ym/ble-nrf51822/source/ble-nrf51822.a(device_manager_peripheral.c.o)
 .text.device_context_store
                0x000000000001d8a0       0xb8 ym/ble-nrf51822/source/ble-nrf51822.a(device_manager_peripheral.c.o)
 .text.gatts_context_apply
                0x000000000001d958       0xc4 ym/ble-nrf51822/source/ble-nrf51822.a(device_manager_peripheral.c.o)
 .text.gatts_context_load
                0x000000000001da1c       0x34 ym/ble-nrf51822/source/ble-nrf51822.a(device_manager_peripheral.c.o)
 .text.dm_pstorage_cb_handler
                0x000000000001da50      0x134 ym/ble-nrf51822/source/ble-nrf51822.a(device_manager_peripheral.c.o)
 .text.peer_instance_init
                0x000000000001db84       0x44 ym/ble-nrf51822/source/ble-nrf51822.a(device_manager_peripheral.c.o)
 .text.device_instance_free
                0x000000000001dbc8       0x2c ym/ble-nrf51822/source/ble-nrf51822.a(device_manager_peripheral.c.o)
 .text.dm_init  0x000000000001dbf4       0xe0 ym/ble-nrf51822/source/ble-nrf51822.a(device_manager_peripheral.c.o)
                0x000000000001dbf4                dm_init
 .text.dm_register
                0x000000000001dcd4       0x74 ym/ble-nrf51822/source/ble-nrf51822.a(device_manager_peripheral.c.o)
                0x000000000001dcd4                dm_register
 .text.dm_security_status_req
                0x000000000001dd48       0x70 ym/ble-nrf51822/source/ble-nrf51822.a(device_manager_peripheral.c.o)
                0x000000000001dd48                dm_security_status_req
 .text.dm_device_delete_all
                0x000000000001ddb8       0x58 ym/ble-nrf51822/source/ble-nrf51822.a(device_manager_peripheral.c.o)
                0x000000000001ddb8                dm_device_delete_all
 .text.bond_data_load
                0x000000000001de10       0x48 ym/ble-nrf51822/source/ble-nrf51822.a(device_manager_peripheral.c.o)
                0x000000000001de10                bond_data_load
 .text.dm_ble_evt_handler
                0x000000000001de58      0x384 ym/ble-nrf51822/source/ble-nrf51822.a(device_manager_peripheral.c.o)
                0x000000000001de58                dm_ble_evt_handler
 .text.dm_handle_get
                0x000000000001e1dc       0x48 ym/ble-nrf51822/source/ble-nrf51822.a(device_manager_peripheral.c.o)
                0x000000000001e1dc                dm_handle_get
 .text.app_notify
                0x000000000001e224       0x30 ym/ble-nrf51822/source/ble-nrf51822.a(pstorage.c.o)
 .text.swap_state_process
                0x000000000001e254      0x1a4 ym/ble-nrf51822/source/ble-nrf51822.a(pstorage.c.o)
 .text.cmd_process
                0x000000000001e3f8      0x10c ym/ble-nrf51822/source/ble-nrf51822.a(pstorage.c.o)
 .text.cmd_queue_enqueue
                0x000000000001e504       0x54 ym/ble-nrf51822/source/ble-nrf51822.a(pstorage.c.o)
 .text.cmd_queue_dequeue
                0x000000000001e558       0x20 ym/ble-nrf51822/source/ble-nrf51822.a(pstorage.c.o)
 .text.pstorage_sys_event_handler
                0x000000000001e578       0xec ym/ble-nrf51822/source/ble-nrf51822.a(pstorage.c.o)
                0x000000000001e578                pstorage_sys_event_handler
 .text.pstorage_init
                0x000000000001e664       0xc8 ym/ble-nrf51822/source/ble-nrf51822.a(pstorage.c.o)
                0x000000000001e664                pstorage_init
 .text.pstorage_register
                0x000000000001e72c      0x138 ym/ble-nrf51822/source/ble-nrf51822.a(pstorage.c.o)
                0x000000000001e72c                pstorage_register
 .text.pstorage_block_identifier_get
                0x000000000001e864       0x4c ym/ble-nrf51822/source/ble-nrf51822.a(pstorage.c.o)
                0x000000000001e864                pstorage_block_identifier_get
 .text.pstorage_store
                0x000000000001e8b0       0x7c ym/ble-nrf51822/source/ble-nrf51822.a(pstorage.c.o)
                0x000000000001e8b0                pstorage_store
 .text.pstorage_update
                0x000000000001e92c       0x7c ym/ble-nrf51822/source/ble-nrf51822.a(pstorage.c.o)
                0x000000000001e92c                pstorage_update
 .text.pstorage_load
                0x000000000001e9a8       0xa0 ym/ble-nrf51822/source/ble-nrf51822.a(pstorage.c.o)
                0x000000000001e9a8                pstorage_load
 .text.pstorage_clear
                0x000000000001ea48       0x60 ym/ble-nrf51822/source/ble-nrf51822.a(pstorage.c.o)
                0x000000000001ea48                pstorage_clear
 .text.custom_convert_to_nordic_uuid
                0x000000000001eaa8       0xa4 ym/ble-nrf51822/source/ble-nrf51822.a(custom_helper.cpp.o)
                0x000000000001eaa8                custom_convert_to_nordic_uuid
 .text._ZL10dm_handlerPK13device_handlePK10dm_event_tm
                0x000000000001eb4c       0xc0 ym/ble-nrf51822/source/ble-nrf51822.a(btle_security.cpp.o)
 .text._Z23btle_initializeSecuritybbN15SecurityManager24SecurityIOCapabilities_tEPKh
                0x000000000001ec0c       0xd4 ym/ble-nrf51822/source/ble-nrf51822.a(btle_security.cpp.o)
                0x000000000001ec0c                btle_initializeSecurity(bool, bool, SecurityManager::SecurityIOCapabilities_t, unsigned char const*)
 .text._Z25btle_purgeAllBondingStatev
                0x000000000001ece0       0x24 ym/ble-nrf51822/source/ble-nrf51822.a(btle_security.cpp.o)
                0x000000000001ece0                btle_purgeAllBondingState()
 .text._Z20btle_getLinkSecuritytPN15SecurityManager20LinkSecurityStatus_tE
                0x000000000001ed04       0x48 ym/ble-nrf51822/source/ble-nrf51822.a(btle_security.cpp.o)
                0x000000000001ed04                btle_getLinkSecurity(unsigned short, SecurityManager::LinkSecurityStatus_t*)
 .text.SWI1_IRQHandler
                0x000000000001ed4c       0x20 ym/ble-nrf51822/source/ble-nrf51822.a(ble_radio_notification.c.o)
                0x000000000001ed4c                SWI1_IRQHandler
 .text.ble_radio_notification_init
                0x000000000001ed6c       0x38 ym/ble-nrf51822/source/ble-nrf51822.a(ble_radio_notification.c.o)
                0x000000000001ed6c                ble_radio_notification_init
 .text._ZL11init_serialv
                0x000000000001eda4       0x20 ym/mbed-drivers/source/mbed-drivers.a(retarget.cpp.o)
 .text._close   0x000000000001edc4       0x2c ym/mbed-drivers/source/mbed-drivers.a(retarget.cpp.o)
                0x000000000001edc4                _close
 .text._write   0x000000000001edf0       0x54 ym/mbed-drivers/source/mbed-drivers.a(retarget.cpp.o)
                0x000000000001edf0                _write
 .text._read    0x000000000001ee44       0x48 ym/mbed-drivers/source/mbed-drivers.a(retarget.cpp.o)
                0x000000000001ee44                _read
 .text._isatty  0x000000000001ee8c       0x28 ym/mbed-drivers/source/mbed-drivers.a(retarget.cpp.o)
                0x000000000001ee8c                _isatty
 .text._lseek   0x000000000001eeb4       0x28 ym/mbed-drivers/source/mbed-drivers.a(retarget.cpp.o)
                0x000000000001eeb4                _lseek
 .text._ZN4mbed4util19FunctionPointerBindIvE4bindINS0_16FunctionPointer2IviPPcE10arg_structEEERS2_PKNS0_19FunctionPointerBaseIvE6ArgOpsEPT_PSB_z
                0x000000000001eedc       0x60 ym/mbed-drivers/source/mbed-drivers.a(retarget.cpp.o)
                0x000000000001eedc                mbed::util::FunctionPointerBind<void>& mbed::util::FunctionPointerBind<void>::bind<mbed::util::FunctionPointer2<void, int, char**>::arg_struct>(mbed::util::FunctionPointerBase<void>::ArgOps const*, mbed::util::FunctionPointer2<void, int, char**>::arg_struct*, mbed::util::FunctionPointerBase<void>*, ...)
 .text.startup.main
                0x000000000001ef3c       0x80 ym/mbed-drivers/source/mbed-drivers.a(retarget.cpp.o)
                0x000000000001ef3c                main
 .text._ZN5minar12CallbackNode13get_allocatorEv
                0x000000000001efbc       0x48 ym/minar/source/minar.a(minar.cpp.o)
                0x000000000001efbc                minar::CallbackNode::get_allocator()
 .text._ZN4mbed4util19FunctionPointerBindIvEC2ERKS2_
                0x000000000001f004       0x54 ym/minar/source/minar.a(minar.cpp.o)
                0x000000000001f004                mbed::util::FunctionPointerBind<void>::FunctionPointerBind(mbed::util::FunctionPointerBind<void> const&)
                0x000000000001f004                mbed::util::FunctionPointerBind<void>::FunctionPointerBind(mbed::util::FunctionPointerBind<void> const&)
 .text._ZN5minar9Scheduler13CallbackAdderC2ERS0_N4mbed4util19FunctionPointerBindIvEE
                0x000000000001f058       0x24 ym/minar/source/minar.a(minar.cpp.o)
                0x000000000001f058                minar::Scheduler::CallbackAdder::CallbackAdder(minar::Scheduler&, mbed::util::FunctionPointerBind<void>)
                0x000000000001f058                minar::Scheduler::CallbackAdder::CallbackAdder(minar::Scheduler&, mbed::util::FunctionPointerBind<void>)
 .text._ZNK4mbed4util10BinaryHeapIPN5minar12CallbackNodeENS2_13SchedulerData19CallbackNodeCompareEE8get_rootEv
                0x000000000001f07c       0x28 ym/minar/source/minar.a(minar.cpp.o)
                0x000000000001f07c                mbed::util::BinaryHeap<minar::CallbackNode*, minar::SchedulerData::CallbackNodeCompare>::get_root() const
 .text._ZN5minar13SchedulerDataC2Ev
                0x000000000001f0a4       0x60 ym/minar/source/minar.a(minar.cpp.o)
                0x000000000001f0a4                minar::SchedulerData::SchedulerData()
                0x000000000001f0a4                minar::SchedulerData::SchedulerData()
 .text._ZN5minar9Scheduler8instanceEv
                0x000000000001f104       0x38 ym/minar/source/minar.a(minar.cpp.o)
                0x000000000001f104                minar::Scheduler::instance()
 .text._ZN5minar9Scheduler12postCallbackERKN4mbed4util19FunctionPointerBindIvEE
                0x000000000001f13c       0x34 ym/minar/source/minar.a(minar.cpp.o)
                0x000000000001f13c                minar::Scheduler::postCallback(mbed::util::FunctionPointerBind<void> const&)
 .text._ZN5minar13SchedulerData5startEv
                0x000000000001f170      0x198 ym/minar/source/minar.a(minar.cpp.o)
                0x000000000001f170                minar::SchedulerData::start()
 .text._ZN5minar9Scheduler5startEv
                0x000000000001f308       0x18 ym/minar/source/minar.a(minar.cpp.o)
                0x000000000001f308                minar::Scheduler::start()
 .text._ZN5minar13SchedulerData11postGenericEN4mbed4util19FunctionPointerBindIvEEmmm
                0x000000000001f320       0x58 ym/minar/source/minar.a(minar.cpp.o)
                0x000000000001f320                minar::SchedulerData::postGeneric(mbed::util::FunctionPointerBind<void>, unsigned long, unsigned long, unsigned long)
 .text.mbed_enter_sleep
                0x000000000001f378       0x20 ym/mbed-hal-nrf51822-mcu/existing/mbed-hal-nrf51822-mcu.a(sleep.c.o)
                0x000000000001f378                mbed_enter_sleep
 .text.rtc1_getCounter64
                0x000000000001f398       0x3c ym/mbed-hal-nrf51822-mcu/existing/mbed-hal-nrf51822-mcu.a(us_ticker.c.o)
 .text.RTC1_IRQHandler
                0x000000000001f3d4       0x8c ym/mbed-hal-nrf51822-mcu/existing/mbed-hal-nrf51822-mcu.a(us_ticker.c.o)
                0x000000000001f3d4                RTC1_IRQHandler
 .text.us_ticker_init
                0x000000000001f460       0x5c ym/mbed-hal-nrf51822-mcu/existing/mbed-hal-nrf51822-mcu.a(us_ticker.c.o)
                0x000000000001f460                us_ticker_init
 .text.us_ticker_read
                0x000000000001f4bc       0x2c ym/mbed-hal-nrf51822-mcu/existing/mbed-hal-nrf51822-mcu.a(us_ticker.c.o)
                0x000000000001f4bc                us_ticker_read
 .text.us_ticker_set_interrupt
                0x000000000001f4e8       0xbc ym/mbed-hal-nrf51822-mcu/existing/mbed-hal-nrf51822-mcu.a(us_ticker.c.o)
                0x000000000001f4e8                us_ticker_set_interrupt
 .text.us_ticker_disable_interrupt
                0x000000000001f5a4       0x28 ym/mbed-hal-nrf51822-mcu/existing/mbed-hal-nrf51822-mcu.a(us_ticker.c.o)
                0x000000000001f5a4                us_ticker_disable_interrupt
 .text.us_ticker_clear_interrupt
                0x000000000001f5cc       0x10 ym/mbed-hal-nrf51822-mcu/existing/mbed-hal-nrf51822-mcu.a(us_ticker.c.o)
                0x000000000001f5cc                us_ticker_clear_interrupt
 .text.gpio_init
                0x000000000001f5dc       0x30 ym/mbed-hal-nrf51822-mcu/existing/mbed-hal-nrf51822-mcu.a(gpio_api.c.o)
                0x000000000001f5dc                gpio_init
 .text.serial_baud.part.0
                0x000000000001f60c       0x38 ym/mbed-hal-nrf51822-mcu/existing/mbed-hal-nrf51822-mcu.a(serial_api.c.o)
 .text.serial_init
                0x000000000001f644       0xc0 ym/mbed-hal-nrf51822-mcu/existing/mbed-hal-nrf51822-mcu.a(serial_api.c.o)
                0x000000000001f644                serial_init
 .text.UART0_IRQHandler
                0x000000000001f704       0x4c ym/mbed-hal-nrf51822-mcu/existing/mbed-hal-nrf51822-mcu.a(serial_api.c.o)
                0x000000000001f704                UART0_IRQHandler
 .text.serial_putc
                0x000000000001f750       0x1c ym/mbed-hal-nrf51822-mcu/existing/mbed-hal-nrf51822-mcu.a(serial_api.c.o)
                0x000000000001f750                serial_putc
 .text.lp_ticker_get_compare_match
                0x000000000001f76c       0x10 ym/mbed-hal-nrf51822-mcu/existing/mbed-hal-nrf51822-mcu.a(lp_ticker.c.o)
                0x000000000001f76c                lp_ticker_get_compare_match
 .text.lp_ticker_sleep_until
                0x000000000001f77c       0x2c ym/mbed-hal-nrf51822-mcu/existing/mbed-hal-nrf51822-mcu.a(lp_ticker.c.o)
                0x000000000001f77c                lp_ticker_sleep_until
 .text.us_ticker_irq_handler
                0x000000000001f7a8       0x10 ym/mbed-drivers/source/mbed-drivers.a(us_ticker_api.c.o)
                0x000000000001f7a8                us_ticker_irq_handler
 .text.mbed_urealloc
                0x000000000001f7b8       0x30 ym/ualloc/source/ualloc.a(ualloc.c.o)
                0x000000000001f7b8                mbed_urealloc
 .text.mbed_ufree
                0x000000000001f7e8       0x20 ym/ualloc/source/ualloc.a(ualloc.c.o)
                0x000000000001f7e8                mbed_ufree
 .text.init_mparams
                0x000000000001f808       0x48 ym/dlmalloc/source/dlmalloc.a(dlmalloc.c.o)
 .text.init_top.constprop.16
                0x000000000001f850       0x38 ym/dlmalloc/source/dlmalloc.a(dlmalloc.c.o)
 .text.dispose_chunk.constprop.17
                0x000000000001f888      0x434 ym/dlmalloc/source/dlmalloc.a(dlmalloc.c.o)
 .text.try_realloc_chunk.isra.3.constprop.6
                0x000000000001fcbc      0x2b0 ym/dlmalloc/source/dlmalloc.a(dlmalloc.c.o)
 .text.segment_holding.constprop.18
                0x000000000001ff6c       0x24 ym/dlmalloc/source/dlmalloc.a(dlmalloc.c.o)
 .text.dlmalloc
                0x000000000001ff90      0xe7c ym/dlmalloc/source/dlmalloc.a(dlmalloc.c.o)
                0x000000000001ff90                dlmalloc
 .text.dlfree   0x0000000000020e0c      0x46c ym/dlmalloc/source/dlmalloc.a(dlmalloc.c.o)
                0x0000000000020e0c                dlfree
 .text.SystemInit
                0x0000000000021278       0xb0 ym/cmsis-core-nrf51822/source/cmsis-core-nrf51822.a(system_nrf51.c.o)
                0x0000000000021278                SystemInit
 .text._ZSt15get_new_handlerv
                0x0000000000021328        0xc /usr/local/Cellar/arm-none-eabi-gcc/4.9-2015-q2-update/bin/../lib/gcc/arm-none-eabi/4.9.3/../../../../arm-none-eabi/lib/armv6-m/libstdc++_nano.a(new_handler.o)
                0x0000000000021328                std::get_new_handler()
 .text          0x0000000000021334       0x14 /usr/local/Cellar/arm-none-eabi-gcc/4.9-2015-q2-update/bin/../lib/gcc/arm-none-eabi/4.9.3/armv6-m/libgcc.a(_thumb1_case_uqi.o)
                0x0000000000021334                __gnu_thumb1_case_uqi
 .text          0x0000000000021348      0x120 /usr/local/Cellar/arm-none-eabi-gcc/4.9-2015-q2-update/bin/../lib/gcc/arm-none-eabi/4.9.3/armv6-m/libgcc.a(_udivsi3.o)
                0x0000000000021348                __udivsi3
                0x0000000000021348                __aeabi_uidiv
                0x0000000000021454                __aeabi_uidivmod
 .text          0x0000000000021468        0x4 /usr/local/Cellar/arm-none-eabi-gcc/4.9-2015-q2-update/bin/../lib/gcc/arm-none-eabi/4.9.3/armv6-m/libgcc.a(_dvmd_tls.o)
                0x0000000000021468                __aeabi_ldiv0
                0x0000000000021468                __aeabi_idiv0
 .text          0x000000000002146c       0x40 /usr/local/Cellar/arm-none-eabi-gcc/4.9-2015-q2-update/bin/../lib/gcc/arm-none-eabi/4.9.3/armv6-m/libgcc.a(_aeabi_uldivmod.o)
                0x000000000002146c                __aeabi_uldivmod
 .text          0x00000000000214ac       0x54 /usr/local/Cellar/arm-none-eabi-gcc/4.9-2015-q2-update/bin/../lib/gcc/arm-none-eabi/4.9.3/armv6-m/libgcc.a(_muldi3.o)
                0x00000000000214ac                __aeabi_lmul
                0x00000000000214ac                __muldi3
 .text          0x0000000000021500       0x6c /usr/local/Cellar/arm-none-eabi-gcc/4.9-2015-q2-update/bin/../lib/gcc/arm-none-eabi/4.9.3/armv6-m/libgcc.a(bpabi.o)
                0x0000000000021500                __gnu_ldivmod_helper
                0x0000000000021538                __gnu_uldivmod_helper
 .text          0x000000000002156c       0x3c /usr/local/Cellar/arm-none-eabi-gcc/4.9-2015-q2-update/bin/../lib/gcc/arm-none-eabi/4.9.3/armv6-m/libgcc.a(_clzsi2.o)
                0x000000000002156c                __clzsi2
 .text          0x00000000000215a8      0x1f0 /usr/local/Cellar/arm-none-eabi-gcc/4.9-2015-q2-update/bin/../lib/gcc/arm-none-eabi/4.9.3/armv6-m/libgcc.a(_divdi3.o)
                0x00000000000215a8                __divdi3
 .text          0x0000000000021798      0x158 /usr/local/Cellar/arm-none-eabi-gcc/4.9-2015-q2-update/bin/../lib/gcc/arm-none-eabi/4.9.3/armv6-m/libgcc.a(_udivdi3.o)
                0x0000000000021798                __udivdi3
 .text          0x00000000000218f0       0x18 /usr/local/Cellar/arm-none-eabi-gcc/4.9-2015-q2-update/bin/../lib/gcc/arm-none-eabi/4.9.3/armv6-m/libgcc.a(_clzdi2.o)
                0x00000000000218f0                __clzdi2
 .text.__cxa_atexit
                0x0000000000021908       0x1c /usr/local/Cellar/arm-none-eabi-gcc/4.9-2015-q2-update/bin/../lib/gcc/arm-none-eabi/4.9.3/../../../../arm-none-eabi/lib/armv6-m/libc_nano.a(lib_a-cxa_atexit.o)
                0x0000000000021908                __cxa_atexit
 .text.__errno  0x0000000000021924        0xc /usr/local/Cellar/arm-none-eabi-gcc/4.9-2015-q2-update/bin/../lib/gcc/arm-none-eabi/4.9.3/../../../../arm-none-eabi/lib/armv6-m/libc_nano.a(lib_a-errno.o)
                0x0000000000021924                __errno
 .text.__libc_init_array
                0x0000000000021930       0x4c /usr/local/Cellar/arm-none-eabi-gcc/4.9-2015-q2-update/bin/../lib/gcc/arm-none-eabi/4.9.3/../../../../arm-none-eabi/lib/armv6-m/libc_nano.a(lib_a-init.o)
                0x0000000000021930                __libc_init_array
 .text.malloc   0x000000000002197c       0x14 /usr/local/Cellar/arm-none-eabi-gcc/4.9-2015-q2-update/bin/../lib/gcc/arm-none-eabi/4.9.3/../../../../arm-none-eabi/lib/armv6-m/libc_nano.a(lib_a-malloc.o)
                0x000000000002197c                malloc
 .text.free     0x0000000000021990       0x14 /usr/local/Cellar/arm-none-eabi-gcc/4.9-2015-q2-update/bin/../lib/gcc/arm-none-eabi/4.9.3/../../../../arm-none-eabi/lib/armv6-m/libc_nano.a(lib_a-malloc.o)
                0x0000000000021990                free
 .text.printf   0x00000000000219a4       0x34 /usr/local/Cellar/arm-none-eabi-gcc/4.9-2015-q2-update/bin/../lib/gcc/arm-none-eabi/4.9.3/../../../../arm-none-eabi/lib/armv6-m/libc_nano.a(lib_a-printf.o)
                0x00000000000219a4                printf
                0x00000000000219a4                iprintf
 .text.raise    0x00000000000219d8       0x14 /usr/local/Cellar/arm-none-eabi-gcc/4.9-2015-q2-update/bin/../lib/gcc/arm-none-eabi/4.9.3/../../../../arm-none-eabi/lib/armv6-m/libc_nano.a(lib_a-signal.o)
                0x00000000000219d8                raise
 .text._kill_r  0x00000000000219ec       0x24 /usr/local/Cellar/arm-none-eabi-gcc/4.9-2015-q2-update/bin/../lib/gcc/arm-none-eabi/4.9.3/../../../../arm-none-eabi/lib/armv6-m/libc_nano.a(lib_a-signalr.o)
                0x00000000000219ec                _kill_r
 .text.snprintf
                0x0000000000021a10       0x68 /usr/local/Cellar/arm-none-eabi-gcc/4.9-2015-q2-update/bin/../lib/gcc/arm-none-eabi/4.9.3/../../../../arm-none-eabi/lib/armv6-m/libc_nano.a(lib_a-snprintf.o)
                0x0000000000021a10                snprintf
                0x0000000000021a10                sniprintf
 .text.__sread  0x0000000000021a78       0x28 /usr/local/Cellar/arm-none-eabi-gcc/4.9-2015-q2-update/bin/../lib/gcc/arm-none-eabi/4.9.3/../../../../arm-none-eabi/lib/armv6-m/libc_nano.a(lib_a-stdio.o)
                0x0000000000021a78                __sread
 .text.__swrite
                0x0000000000021aa0       0x38 /usr/local/Cellar/arm-none-eabi-gcc/4.9-2015-q2-update/bin/../lib/gcc/arm-none-eabi/4.9.3/../../../../arm-none-eabi/lib/armv6-m/libc_nano.a(lib_a-stdio.o)
                0x0000000000021aa0                __swrite
 .text.__sseek  0x0000000000021ad8       0x2c /usr/local/Cellar/arm-none-eabi-gcc/4.9-2015-q2-update/bin/../lib/gcc/arm-none-eabi/4.9.3/../../../../arm-none-eabi/lib/armv6-m/libc_nano.a(lib_a-stdio.o)
                0x0000000000021ad8                __sseek
 .text._write_r
                0x0000000000021b04       0x28 /usr/local/Cellar/arm-none-eabi-gcc/4.9-2015-q2-update/bin/../lib/gcc/arm-none-eabi/4.9.3/../../../../arm-none-eabi/lib/armv6-m/libc_nano.a(lib_a-writer.o)
                0x0000000000021b04                _write_r
 .text._close_r
                0x0000000000021b2c       0x24 /usr/local/Cellar/arm-none-eabi-gcc/4.9-2015-q2-update/bin/../lib/gcc/arm-none-eabi/4.9.3/../../../../arm-none-eabi/lib/armv6-m/libc_nano.a(lib_a-closer.o)
                0x0000000000021b2c                _close_r
 .text._cleanup_r
                0x0000000000021b50       0x10 /usr/local/Cellar/arm-none-eabi-gcc/4.9-2015-q2-update/bin/../lib/gcc/arm-none-eabi/4.9.3/../../../../arm-none-eabi/lib/armv6-m/libc_nano.a(lib_a-findfp.o)
                0x0000000000021b50                _cleanup_r
 .text.std.isra.0
                0x0000000000021b60       0x48 /usr/local/Cellar/arm-none-eabi-gcc/4.9-2015-q2-update/bin/../lib/gcc/arm-none-eabi/4.9.3/../../../../arm-none-eabi/lib/armv6-m/libc_nano.a(lib_a-findfp.o)
 .text.__sinit  0x0000000000021ba8       0x64 /usr/local/Cellar/arm-none-eabi-gcc/4.9-2015-q2-update/bin/../lib/gcc/arm-none-eabi/4.9.3/../../../../arm-none-eabi/lib/armv6-m/libc_nano.a(lib_a-findfp.o)
                0x0000000000021ba8                __sinit
 .text.__sfp    0x0000000000021c0c       0x7c /usr/local/Cellar/arm-none-eabi-gcc/4.9-2015-q2-update/bin/../lib/gcc/arm-none-eabi/4.9.3/../../../../arm-none-eabi/lib/armv6-m/libc_nano.a(lib_a-findfp.o)
                0x0000000000021c0c                __sfp
 .text._lseek_r
                0x0000000000021c88       0x28 /usr/local/Cellar/arm-none-eabi-gcc/4.9-2015-q2-update/bin/../lib/gcc/arm-none-eabi/4.9.3/../../../../arm-none-eabi/lib/armv6-m/libc_nano.a(lib_a-lseekr.o)
                0x0000000000021c88                _lseek_r
 .text.__ssputs_r
                0x0000000000021cb0       0xc0 /usr/local/Cellar/arm-none-eabi-gcc/4.9-2015-q2-update/bin/../lib/gcc/arm-none-eabi/4.9.3/../../../../arm-none-eabi/lib/armv6-m/libc_nano.a(lib_a-nano-svfprintf.o)
                0x0000000000021cb0                __ssputs_r
 .text._svfprintf_r
                0x0000000000021d70      0x1ec /usr/local/Cellar/arm-none-eabi-gcc/4.9-2015-q2-update/bin/../lib/gcc/arm-none-eabi/4.9.3/../../../../arm-none-eabi/lib/armv6-m/libc_nano.a(lib_a-nano-svfprintf.o)
                0x0000000000021d70                _svfprintf_r
                0x0000000000021d70                _svfiprintf_r
 .text._vfprintf_r
                0x0000000000021f5c      0x220 /usr/local/Cellar/arm-none-eabi-gcc/4.9-2015-q2-update/bin/../lib/gcc/arm-none-eabi/4.9.3/../../../../arm-none-eabi/lib/armv6-m/libc_nano.a(lib_a-nano-vfprintf.o)
                0x0000000000021f5c                _vfiprintf_r
                0x0000000000021f5c                _vfprintf_r
 .text._printf_i
                0x000000000002217c      0x230 /usr/local/Cellar/arm-none-eabi-gcc/4.9-2015-q2-update/bin/../lib/gcc/arm-none-eabi/4.9.3/../../../../arm-none-eabi/lib/armv6-m/libc_nano.a(lib_a-nano-vfprintf_i.o)
                0x000000000002217c                _printf_i
 .text._read_r  0x00000000000223ac       0x28 /usr/local/Cellar/arm-none-eabi-gcc/4.9-2015-q2-update/bin/../lib/gcc/arm-none-eabi/4.9.3/../../../../arm-none-eabi/lib/armv6-m/libc_nano.a(lib_a-readr.o)
                0x00000000000223ac                _read_r
 .text.__swbuf_r
                0x00000000000223d4       0xb0 /usr/local/Cellar/arm-none-eabi-gcc/4.9-2015-q2-update/bin/../lib/gcc/arm-none-eabi/4.9.3/../../../../arm-none-eabi/lib/armv6-m/libc_nano.a(lib_a-wbuf.o)
                0x00000000000223d4                __swbuf_r
 .text.__swsetup_r
                0x0000000000022484       0xe8 /usr/local/Cellar/arm-none-eabi-gcc/4.9-2015-q2-update/bin/../lib/gcc/arm-none-eabi/4.9.3/../../../../arm-none-eabi/lib/armv6-m/libc_nano.a(lib_a-wsetup.o)
                0x0000000000022484                __swsetup_r
 .text._fflush_r
                0x000000000002256c       0x58 /usr/local/Cellar/arm-none-eabi-gcc/4.9-2015-q2-update/bin/../lib/gcc/arm-none-eabi/4.9.3/../../../../arm-none-eabi/lib/armv6-m/libc_nano.a(lib_a-fflush.o)
                0x000000000002256c                _fflush_r
 .text.__smakebuf_r
                0x00000000000225c4       0xb0 /usr/local/Cellar/arm-none-eabi-gcc/4.9-2015-q2-update/bin/../lib/gcc/arm-none-eabi/4.9.3/../../../../arm-none-eabi/lib/armv6-m/libc_nano.a(lib_a-makebuf.o)
                0x00000000000225c4                __smakebuf_r
 .text._fstat_r
                0x0000000000022674       0x24 /usr/local/Cellar/arm-none-eabi-gcc/4.9-2015-q2-update/bin/../lib/gcc/arm-none-eabi/4.9.3/../../../../arm-none-eabi/lib/armv6-m/libc_nano.a(lib_a-fstatr.o)
                0x0000000000022674                _fstat_r
 .text._isatty_r
                0x0000000000022698       0x24 /usr/local/Cellar/arm-none-eabi-gcc/4.9-2015-q2-update/bin/../lib/gcc/arm-none-eabi/4.9.3/../../../../arm-none-eabi/lib/armv6-m/libc_nano.a(lib_a-isattyr.o)
                0x0000000000022698                _isatty_r
 .text.mbed_sbrk
                0x00000000000226bc       0x64 ym/core-util/source/core-util.a(sbrk.cpp.o)
                0x00000000000226bc                mbed_sbrk
 .text.mbed_krbs_ex
                0x0000000000022720       0x6c ym/core-util/source/core-util.a(sbrk.cpp.o)
                0x0000000000022720                mbed_krbs_ex
 .text.gpio_write
                0x000000000002278c       0x10 source/CMakeFiles/cuesbeacons.dir/Users/joeisaacs/Hackathon/CUES-Hackathon/source/main.cpp.o
 .text._ZN4mbed4util19FunctionPointerBaseIvE17_null_constructorEPvSt9__va_list
                0x000000000002279c        0x2 source/CMakeFiles/cuesbeacons.dir/Users/joeisaacs/Hackathon/CUES-Hackathon/source/main.cpp.o
                0x000000000002279c                mbed::util::FunctionPointerBase<void>::_null_constructor(void*, std::__va_list)
 .text._ZN4mbed4util19FunctionPointerBaseIvE15_null_copy_argsEPvS3_
                0x000000000002279e        0x2 source/CMakeFiles/cuesbeacons.dir/Users/joeisaacs/Hackathon/CUES-Hackathon/source/main.cpp.o
                0x000000000002279e                mbed::util::FunctionPointerBase<void>::_null_copy_args(void*, void*)
 .text._ZN4mbed4util19FunctionPointerBaseIvE16_null_destructorEPv
                0x00000000000227a0        0x2 source/CMakeFiles/cuesbeacons.dir/Users/joeisaacs/Hackathon/CUES-Hackathon/source/main.cpp.o
                0x00000000000227a0                mbed::util::FunctionPointerBase<void>::_null_destructor(void*)
 .text._ZN4mbed4util16FunctionPointer0IvE12staticcallerEPvPjS3_
                0x00000000000227a2        0x6 source/CMakeFiles/cuesbeacons.dir/Users/joeisaacs/Hackathon/CUES-Hackathon/source/main.cpp.o
                0x00000000000227a2                mbed::util::FunctionPointer0<void>::staticcaller(void*, unsigned int*, void*)
 .text._ZN4mbed4util16FunctionPointer0IvED2Ev
                0x00000000000227a8        0x2 source/CMakeFiles/cuesbeacons.dir/Users/joeisaacs/Hackathon/CUES-Hackathon/source/main.cpp.o
                0x00000000000227a8                mbed::util::FunctionPointer0<void>::~FunctionPointer0()
                0x00000000000227a8                mbed::util::FunctionPointer0<void>::~FunctionPointer0()
 .text._ZN4mbed4util16FunctionPointer0IvED0Ev
                0x00000000000227aa        0xc source/CMakeFiles/cuesbeacons.dir/Users/joeisaacs/Hackathon/CUES-Hackathon/source/main.cpp.o
                0x00000000000227aa                mbed::util::FunctionPointer0<void>::~FunctionPointer0()
 .text._ZN4mbed4util19FunctionPointerBindIvED0Ev
                0x00000000000227b6       0x12 source/CMakeFiles/cuesbeacons.dir/Users/joeisaacs/Hackathon/CUES-Hackathon/source/main.cpp.o
                0x00000000000227b6                mbed::util::FunctionPointerBind<void>::~FunctionPointerBind()
 .text._ZN4mbed4util19FunctionPointerBaseIvE5clearEv
                0x00000000000227c8       0x12 source/CMakeFiles/cuesbeacons.dir/Users/joeisaacs/Hackathon/CUES-Hackathon/source/main.cpp.o
                0x00000000000227c8                mbed::util::FunctionPointerBase<void>::clear()
 .text._ZN18GapAdvertisingData7addDataENS_10DataType_tEPKhh
                0x00000000000227da       0x3a source/CMakeFiles/cuesbeacons.dir/Users/joeisaacs/Hackathon/CUES-Hackathon/source/main.cpp.o
                0x00000000000227da                GapAdvertisingData::addData(GapAdvertisingData::DataType_t, unsigned char const*, unsigned char)
 .text._ZN3Gap18setAdvertisingDataEv
                0x0000000000022814       0x12 source/CMakeFiles/cuesbeacons.dir/Users/joeisaacs/Hackathon/CUES-Hackathon/source/main.cpp.o
                0x0000000000022814                Gap::setAdvertisingData()
 .text._ZNSt8_Rb_treeIiSt4pairIKiiESt10_Select1stIS2_ESt4lessIiESaIS2_EE4findERS1_
                0x0000000000022826       0x36 source/CMakeFiles/cuesbeacons.dir/Users/joeisaacs/Hackathon/CUES-Hackathon/source/main.cpp.o
                0x0000000000022826                std::_Rb_tree<int, std::pair<int const, int>, std::_Select1st<std::pair<int const, int> >, std::less<int>, std::allocator<std::pair<int const, int> > >::find(int const&)
 .text._ZNSt8_Rb_treeIiSt4pairIKiiESt10_Select1stIS2_ESt4lessIiESaIS2_EE8_M_eraseEPSt13_Rb_tree_nodeIS2_E
                0x000000000002285c       0x20 source/CMakeFiles/cuesbeacons.dir/Users/joeisaacs/Hackathon/CUES-Hackathon/source/main.cpp.o
                0x000000000002285c                std::_Rb_tree<int, std::pair<int const, int>, std::_Select1st<std::pair<int const, int> >, std::less<int>, std::allocator<std::pair<int const, int> > >::_M_erase(std::_Rb_tree_node<std::pair<int const, int> >*)
 .text._ZNSt3mapIiiSt4lessIiESaISt4pairIKiiEEED2Ev
                0x000000000002287c        0xe source/CMakeFiles/cuesbeacons.dir/Users/joeisaacs/Hackathon/CUES-Hackathon/source/main.cpp.o
                0x000000000002287c                std::map<int, int, std::less<int>, std::allocator<std::pair<int const, int> > >::~map()
                0x000000000002287c                std::map<int, int, std::less<int>, std::allocator<std::pair<int const, int> > >::~map()
 .text._ZNSt8_Rb_treeIiSt4pairIKiiESt10_Select1stIS2_ESt4lessIiESaIS2_EE24_M_get_insert_unique_posERS1_
                0x000000000002288a       0x52 source/CMakeFiles/cuesbeacons.dir/Users/joeisaacs/Hackathon/CUES-Hackathon/source/main.cpp.o
                0x000000000002288a                std::_Rb_tree<int, std::pair<int const, int>, std::_Select1st<std::pair<int const, int> >, std::less<int>, std::allocator<std::pair<int const, int> > >::_M_get_insert_unique_pos(int const&)
 .text._ZNSt8_Rb_treeIiSt4pairIKiiESt10_Select1stIS2_ESt4lessIiESaIS2_EE10_M_insert_EPSt18_Rb_tree_node_baseSA_RKS2_
                0x00000000000228dc       0x52 source/CMakeFiles/cuesbeacons.dir/Users/joeisaacs/Hackathon/CUES-Hackathon/source/main.cpp.o
                0x00000000000228dc                std::_Rb_tree<int, std::pair<int const, int>, std::_Select1st<std::pair<int const, int> >, std::less<int>, std::allocator<std::pair<int const, int> > >::_M_insert_(std::_Rb_tree_node_base*, std::_Rb_tree_node_base*, std::pair<int const, int> const&)
 .text._ZNSt3mapIiiSt4lessIiESaISt4pairIKiiEEEixERS3_
                0x000000000002292e       0xfc source/CMakeFiles/cuesbeacons.dir/Users/joeisaacs/Hackathon/CUES-Hackathon/source/main.cpp.o
                0x000000000002292e                std::map<int, int, std::less<int>, std::allocator<std::pair<int const, int> > >::operator[](int const&)
 .text._ZN3BLE4initEv
                0x0000000000022a2a        0xc ym/ble/source/ble.a(BLE.cpp.o)
                0x0000000000022a2a                BLE::init()
 .text._ZN17GapScanningParams10setTimeoutEt
                0x0000000000022a36        0x6 ym/ble/source/ble.a(GapScanningParams.cpp.o)
                0x0000000000022a36                GapScanningParams::setTimeout(unsigned short)
 .text._ZN17GapScanningParams17setActiveScanningEb
                0x0000000000022a3c        0x4 ym/ble/source/ble.a(GapScanningParams.cpp.o)
                0x0000000000022a3c                GapScanningParams::setActiveScanning(bool)
 .text._ZL18sd_ble_version_getP13ble_version_t
                0x0000000000022a40        0x4 ym/ble-nrf51822/source/ble-nrf51822.a(nRF5xn.cpp.o)
 .text._ZL15sd_app_evt_waitv
                0x0000000000022a44        0x4 ym/ble-nrf51822/source/ble-nrf51822.a(nRF5xn.cpp.o)
 .text._ZN6nRF5xnD2Ev
                0x0000000000022a48        0x2 ym/ble-nrf51822/source/ble-nrf51822.a(nRF5xn.cpp.o)
                0x0000000000022a48                nRF5xn::~nRF5xn()
                0x0000000000022a48                nRF5xn::~nRF5xn()
 .text._ZN6nRF5xn12waitForEventEv
                0x0000000000022a4a        0x8 ym/ble-nrf51822/source/ble-nrf51822.a(nRF5xn.cpp.o)
                0x0000000000022a4a                nRF5xn::waitForEvent()
 .text._ZN6nRF5xnD0Ev
                0x0000000000022a52        0xc ym/ble-nrf51822/source/ble-nrf51822.a(nRF5xn.cpp.o)
                0x0000000000022a52                nRF5xn::~nRF5xn()
 .text._ZN6nRF5xn4initEv
                0x0000000000022a5e        0xa ym/ble-nrf51822/source/ble-nrf51822.a(nRF5xn.cpp.o)
                0x0000000000022a5e                nRF5xn::init()
 .text._ZN6nRF5xn8shutdownEv
                0x0000000000022a68       0x10 ym/ble-nrf51822/source/ble-nrf51822.a(nRF5xn.cpp.o)
                0x0000000000022a68                nRF5xn::shutdown()
 .text._ZNK6nRF5xn18getSecurityManagerEv
                0x0000000000022a78        0x8 ym/ble-nrf51822/source/ble-nrf51822.a(nRF5xn.cpp.o)
                0x0000000000022a78                nRF5xn::getSecurityManager() const
 .text._ZN6nRF5xn18getSecurityManagerEv
                0x0000000000022a80        0x8 ym/ble-nrf51822/source/ble-nrf51822.a(nRF5xn.cpp.o)
                0x0000000000022a80                nRF5xn::getSecurityManager()
 .text._ZN6nRF5xn13getGattClientEv
                0x0000000000022a88        0x8 ym/ble-nrf51822/source/ble-nrf51822.a(nRF5xn.cpp.o)
                0x0000000000022a88                nRF5xn::getGattClient()
 .text._ZNK6nRF5xn13getGattServerEv
                0x0000000000022a90        0x8 ym/ble-nrf51822/source/ble-nrf51822.a(nRF5xn.cpp.o)
                0x0000000000022a90                nRF5xn::getGattServer() const
 .text._ZN6nRF5xn13getGattServerEv
                0x0000000000022a98        0x8 ym/ble-nrf51822/source/ble-nrf51822.a(nRF5xn.cpp.o)
                0x0000000000022a98                nRF5xn::getGattServer()
 .text._ZNK6nRF5xn6getGapEv
                0x0000000000022aa0        0x8 ym/ble-nrf51822/source/ble-nrf51822.a(nRF5xn.cpp.o)
                0x0000000000022aa0                nRF5xn::getGap() const
 .text._ZN6nRF5xn6getGapEv
                0x0000000000022aa8        0x8 ym/ble-nrf51822/source/ble-nrf51822.a(nRF5xn.cpp.o)
                0x0000000000022aa8                nRF5xn::getGap()
 .text._ZL24sd_ble_gatts_service_addhPK10ble_uuid_tPt
                0x0000000000022ab0        0x4 ym/ble-nrf51822/source/ble-nrf51822.a(nRF5xGattServer.cpp.o)
 .text._ZL22sd_ble_gatts_value_setttP17ble_gatts_value_t
                0x0000000000022ab4        0x4 ym/ble-nrf51822/source/ble-nrf51822.a(nRF5xGattServer.cpp.o)
 .text._ZL22sd_ble_gatts_value_getttP17ble_gatts_value_t
                0x0000000000022ab8        0x4 ym/ble-nrf51822/source/ble-nrf51822.a(nRF5xGattServer.cpp.o)
 .text._ZL16sd_ble_gatts_hvxtPK22ble_gatts_hvx_params_t
                0x0000000000022abc        0x4 ym/ble-nrf51822/source/ble-nrf51822.a(nRF5xGattServer.cpp.o)
 .text._ZL31sd_ble_gatts_rw_authorize_replytPK37ble_gatts_rw_authorize_reply_params_t
                0x0000000000022ac0        0x4 ym/ble-nrf51822/source/ble-nrf51822.a(nRF5xGattServer.cpp.o)
 .text._ZL25sd_ble_gatts_sys_attr_settPKhtm
                0x0000000000022ac4        0x4 ym/ble-nrf51822/source/ble-nrf51822.a(nRF5xGattServer.cpp.o)
 .text._ZN10GattServer10addServiceER11GattService
                0x0000000000022ac8        0x4 ym/ble-nrf51822/source/ble-nrf51822.a(nRF5xGattServer.cpp.o)
                0x0000000000022ac8                GattServer::addService(GattService&)
 .text._ZN10GattServer4readEtPhPt
                0x0000000000022acc        0x4 ym/ble-nrf51822/source/ble-nrf51822.a(nRF5xGattServer.cpp.o)
                0x0000000000022acc                GattServer::read(unsigned short, unsigned char*, unsigned short*)
 .text._ZN10GattServer4readEttPhPt
                0x0000000000022ad0        0x4 ym/ble-nrf51822/source/ble-nrf51822.a(nRF5xGattServer.cpp.o)
                0x0000000000022ad0                GattServer::read(unsigned short, unsigned short, unsigned char*, unsigned short*)
 .text._ZN10GattServer5writeEtPKhtb
                0x0000000000022ad4        0x4 ym/ble-nrf51822/source/ble-nrf51822.a(nRF5xGattServer.cpp.o)
                0x0000000000022ad4                GattServer::write(unsigned short, unsigned char const*, unsigned short, bool)
 .text._ZN10GattServer5writeEttPKhtb
                0x0000000000022ad8        0x4 ym/ble-nrf51822/source/ble-nrf51822.a(nRF5xGattServer.cpp.o)
                0x0000000000022ad8                GattServer::write(unsigned short, unsigned short, unsigned char const*, unsigned short, bool)
 .text._ZN10GattServer17areUpdatesEnabledERK18GattCharacteristicPb
                0x0000000000022adc        0x4 ym/ble-nrf51822/source/ble-nrf51822.a(nRF5xGattServer.cpp.o)
                0x0000000000022adc                GattServer::areUpdatesEnabled(GattCharacteristic const&, bool*)
 .text._ZN10GattServer17areUpdatesEnabledEtRK18GattCharacteristicPb
                0x0000000000022ae0        0x4 ym/ble-nrf51822/source/ble-nrf51822.a(nRF5xGattServer.cpp.o)
                0x0000000000022ae0                GattServer::areUpdatesEnabled(unsigned short, GattCharacteristic const&, bool*)
 .text._ZNK10GattServer21isOnDataReadAvailableEv
                0x0000000000022ae4        0x4 ym/ble-nrf51822/source/ble-nrf51822.a(nRF5xGattServer.cpp.o)
                0x0000000000022ae4                GattServer::isOnDataReadAvailable() const
 .text._ZN15nRF5xGattServer4readEttPhPt
                0x0000000000022ae8       0x2a ym/ble-nrf51822/source/ble-nrf51822.a(nRF5xGattServer.cpp.o)
                0x0000000000022ae8                nRF5xGattServer::read(unsigned short, unsigned short, unsigned char*, unsigned short*)
 .text._ZN15nRF5xGattServer17areUpdatesEnabledERK18GattCharacteristicPb
                0x0000000000022b12       0x20 ym/ble-nrf51822/source/ble-nrf51822.a(nRF5xGattServer.cpp.o)
                0x0000000000022b12                nRF5xGattServer::areUpdatesEnabled(GattCharacteristic const&, bool*)
 .text._ZN38CallChainOfFunctionPointersWithContextIjED0Ev
                0x0000000000022b32       0x12 ym/ble-nrf51822/source/ble-nrf51822.a(nRF5xGattServer.cpp.o)
                0x0000000000022b32                CallChainOfFunctionPointersWithContext<unsigned int>::~CallChainOfFunctionPointersWithContext()
 .text._ZN38CallChainOfFunctionPointersWithContextIPK23GattWriteCallbackParamsED0Ev
                0x0000000000022b44       0x12 ym/ble-nrf51822/source/ble-nrf51822.a(nRF5xGattServer.cpp.o)
                0x0000000000022b44                CallChainOfFunctionPointersWithContext<GattWriteCallbackParams const*>::~CallChainOfFunctionPointersWithContext()
 .text._ZN38CallChainOfFunctionPointersWithContextIPK22GattReadCallbackParamsED0Ev
                0x0000000000022b56       0x12 ym/ble-nrf51822/source/ble-nrf51822.a(nRF5xGattServer.cpp.o)
                0x0000000000022b56                CallChainOfFunctionPointersWithContext<GattReadCallbackParams const*>::~CallChainOfFunctionPointersWithContext()
 .text._ZN15nRF5xGattServer17areUpdatesEnabledEtRK18GattCharacteristicPb
                0x0000000000022b68       0x62 ym/ble-nrf51822/source/ble-nrf51822.a(nRF5xGattServer.cpp.o)
                0x0000000000022b68                nRF5xGattServer::areUpdatesEnabled(unsigned short, GattCharacteristic const&, bool*)
 .text._ZNK4UUIDeqERKS_
                0x0000000000022bca       0x3c ym/ble-nrf51822/source/ble-nrf51822.a(nRF5xGattServer.cpp.o)
                0x0000000000022bca                UUID::operator==(UUID const&) const
 .text._ZN10GattServer22handleDataWrittenEventEPK23GattWriteCallbackParams
                0x0000000000022c06       0x30 ym/ble-nrf51822/source/ble-nrf51822.a(nRF5xGattServer.cpp.o)
                0x0000000000022c06                GattServer::handleDataWrittenEvent(GattWriteCallbackParams const*)
 .text._ZN10GattServer11handleEventEN16GattServerEvents11gattEvent_eEt
                0x0000000000022c36       0x24 ym/ble-nrf51822/source/ble-nrf51822.a(nRF5xGattServer.cpp.o)
                0x0000000000022c36                GattServer::handleEvent(GattServerEvents::gattEvent_e, unsigned short)
 .text._ZN15nRF5xGattServer10hwCallbackEP9ble_evt_t
                0x0000000000022c5a      0x292 ym/ble-nrf51822/source/ble-nrf51822.a(nRF5xGattServer.cpp.o)
                0x0000000000022c5a                nRF5xGattServer::hwCallback(ble_evt_t*)
 .text.sd_ble_gap_address_set
                0x0000000000022eec        0x4 ym/ble-nrf51822/source/ble-nrf51822.a(btle.cpp.o)
 .text.sd_ble_gap_address_get
                0x0000000000022ef0        0x4 ym/ble-nrf51822/source/ble-nrf51822.a(btle.cpp.o)
 .text.sd_ble_enable
                0x0000000000022ef4        0x4 ym/ble-nrf51822/source/ble-nrf51822.a(btle.cpp.o)
 .text._ZL16sys_evt_dispatchm
                0x0000000000022ef8        0x8 ym/ble-nrf51822/source/ble-nrf51822.a(btle.cpp.o)
 .text.assert_nrf_callback
                0x0000000000022f00        0x2 ym/ble-nrf51822/source/ble-nrf51822.a(btle.cpp.o)
                0x0000000000022f00                assert_nrf_callback
 .text._ZN10GattClient16discoverServicesEtPFvPK17DiscoveredServiceEtt
                0x0000000000022f02        0x4 ym/ble-nrf51822/source/ble-nrf51822.a(nRF5xGattClient.cpp.o)
                0x0000000000022f02                GattClient::discoverServices(unsigned short, void (*)(DiscoveredService const*), unsigned short, unsigned short)
 .text._ZL38sd_ble_gattc_primary_services_discoverttPK10ble_uuid_t
                0x0000000000022f06        0x4 ym/ble-nrf51822/source/ble-nrf51822.a(nRF5xGattClient.cpp.o)
 .text._ZL17sd_ble_gattc_readttt
                0x0000000000022f0a        0x4 ym/ble-nrf51822/source/ble-nrf51822.a(nRF5xGattClient.cpp.o)
 .text._ZL18sd_ble_gattc_writetPK24ble_gattc_write_params_t
                0x0000000000022f0e        0x4 ym/ble-nrf51822/source/ble-nrf51822.a(nRF5xGattClient.cpp.o)
 .text._ZNK21nRF5xServiceDiscovery8isActiveEv
                0x0000000000022f12        0xc ym/ble-nrf51822/source/ble-nrf51822.a(nRF5xGattClient.cpp.o)
                0x0000000000022f12                nRF5xServiceDiscovery::isActive() const
 .text._ZN21nRF5xServiceDiscovery13onTerminationEPFvtE
                0x0000000000022f1e        0x6 ym/ble-nrf51822/source/ble-nrf51822.a(nRF5xGattClient.cpp.o)
                0x0000000000022f1e                nRF5xServiceDiscovery::onTermination(void (*)(unsigned short))
 .text._ZN15nRF5xGattClient29onServiceDiscoveryTerminationEPFvtE
                0x0000000000022f24        0x6 ym/ble-nrf51822/source/ble-nrf51822.a(nRF5xGattClient.cpp.o)
                0x0000000000022f24                nRF5xGattClient::onServiceDiscoveryTermination(void (*)(unsigned short))
 .text._ZNK15nRF5xGattClient24isServiceDiscoveryActiveEv
                0x0000000000022f2a        0xc ym/ble-nrf51822/source/ble-nrf51822.a(nRF5xGattClient.cpp.o)
                0x0000000000022f2a                nRF5xGattClient::isServiceDiscoveryActive() const
 .text._ZNK15nRF5xGattClient4readEttt
                0x0000000000022f36       0x20 ym/ble-nrf51822/source/ble-nrf51822.a(nRF5xGattClient.cpp.o)
                0x0000000000022f36                nRF5xGattClient::read(unsigned short, unsigned short, unsigned short) const
 .text._ZN15nRF5xGattClient22launchServiceDiscoveryEtPFvPK17DiscoveredServiceEPFvPK24DiscoveredCharacteristicERK4UUIDSC_
                0x0000000000022f56       0x12 ym/ble-nrf51822/source/ble-nrf51822.a(nRF5xGattClient.cpp.o)
                0x0000000000022f56                nRF5xGattClient::launchServiceDiscovery(unsigned short, void (*)(DiscoveredService const*), void (*)(DiscoveredCharacteristic const*), UUID const&, UUID const&)
 .text._ZN4UUIDC2Et
                0x0000000000022f68       0x1a ym/ble-nrf51822/source/ble-nrf51822.a(nRF5xGattClient.cpp.o)
                0x0000000000022f68                UUID::UUID(unsigned short)
                0x0000000000022f68                UUID::UUID(unsigned short)
 .text._ZN10GattClient16discoverServicesEtPFvPK17DiscoveredServiceERK4UUID
                0x0000000000022f82       0x2e ym/ble-nrf51822/source/ble-nrf51822.a(nRF5xGattClient.cpp.o)
                0x0000000000022f82                GattClient::discoverServices(unsigned short, void (*)(DiscoveredService const*), UUID const&)
 .text._ZN21nRF5xServiceDiscovery25terminateServiceDiscoveryEv
                0x0000000000022fb0       0x24 ym/ble-nrf51822/source/ble-nrf51822.a(nRF5xGattClient.cpp.o)
                0x0000000000022fb0                nRF5xServiceDiscovery::terminateServiceDiscovery()
 .text._ZN21nRF5xServiceDiscovery9terminateEv
                0x0000000000022fd4        0x8 ym/ble-nrf51822/source/ble-nrf51822.a(nRF5xGattClient.cpp.o)
                0x0000000000022fd4                nRF5xServiceDiscovery::terminate()
 .text._ZN15nRF5xGattClient25terminateServiceDiscoveryEv
                0x0000000000022fdc        0xa ym/ble-nrf51822/source/ble-nrf51822.a(nRF5xGattClient.cpp.o)
                0x0000000000022fdc                nRF5xGattClient::terminateServiceDiscovery()
 .text._ZN15SecurityManager24onSecuritySetupInitiatedEPFvtbbNS_24SecurityIOCapabilities_tEE
                0x0000000000022fe6        0x4 ym/ble-nrf51822/source/ble-nrf51822.a(nRF5xSecurityManager.cpp.o)
                0x0000000000022fe6                SecurityManager::onSecuritySetupInitiated(void (*)(unsigned short, bool, bool, SecurityManager::SecurityIOCapabilities_t))
 .text._ZN15SecurityManager24onSecuritySetupCompletedEPFvtNS_26SecurityCompletionStatus_tEE
                0x0000000000022fea        0x4 ym/ble-nrf51822/source/ble-nrf51822.a(nRF5xSecurityManager.cpp.o)
                0x0000000000022fea                SecurityManager::onSecuritySetupCompleted(void (*)(unsigned short, SecurityManager::SecurityCompletionStatus_t))
 .text._ZN15SecurityManager13onLinkSecuredEPFvtNS_14SecurityMode_tEE
                0x0000000000022fee        0x4 ym/ble-nrf51822/source/ble-nrf51822.a(nRF5xSecurityManager.cpp.o)
                0x0000000000022fee                SecurityManager::onLinkSecured(void (*)(unsigned short, SecurityManager::SecurityMode_t))
 .text._ZN15SecurityManager23onSecurityContextStoredEPFvtE
                0x0000000000022ff2        0x4 ym/ble-nrf51822/source/ble-nrf51822.a(nRF5xSecurityManager.cpp.o)
                0x0000000000022ff2                SecurityManager::onSecurityContextStored(void (*)(unsigned short))
 .text._ZN15SecurityManager16onPasskeyDisplayEPFvtPKhE
                0x0000000000022ff6        0x4 ym/ble-nrf51822/source/ble-nrf51822.a(nRF5xSecurityManager.cpp.o)
                0x0000000000022ff6                SecurityManager::onPasskeyDisplay(void (*)(unsigned short, unsigned char const*))
 .text._ZN20nRF5xSecurityManager20purgeAllBondingStateEv
                0x0000000000022ffa        0x8 ym/ble-nrf51822/source/ble-nrf51822.a(nRF5xSecurityManager.cpp.o)
                0x0000000000022ffa                nRF5xSecurityManager::purgeAllBondingState()
 .text._ZN20nRF5xSecurityManager15getLinkSecurityEtPN15SecurityManager20LinkSecurityStatus_tE
                0x0000000000023002        0xc ym/ble-nrf51822/source/ble-nrf51822.a(nRF5xSecurityManager.cpp.o)
                0x0000000000023002                nRF5xSecurityManager::getLinkSecurity(unsigned short, SecurityManager::LinkSecurityStatus_t*)
 .text._ZN20nRF5xSecurityManager4initEbbN15SecurityManager24SecurityIOCapabilities_tEPKh
                0x000000000002300e       0x10 ym/ble-nrf51822/source/ble-nrf51822.a(nRF5xSecurityManager.cpp.o)
                0x000000000002300e                nRF5xSecurityManager::init(bool, bool, SecurityManager::SecurityIOCapabilities_t, unsigned char const*)
 .text._ZL23sd_ble_gap_tx_power_seta
                0x000000000002301e        0x4 ym/ble-nrf51822/source/ble-nrf51822.a(btle_gap.cpp.o)
 .text._ZL25sd_ble_gap_appearance_sett
                0x0000000000023022        0x4 ym/ble-nrf51822/source/ble-nrf51822.a(btle_gap.cpp.o)
 .text._ZL19sd_ble_gap_ppcp_setPK21ble_gap_conn_params_t
                0x0000000000023026        0x4 ym/ble-nrf51822/source/ble-nrf51822.a(btle_gap.cpp.o)
 .text._ZL26sd_ble_gap_device_name_setPK23ble_gap_conn_sec_mode_tPKht
                0x000000000002302a        0x4 ym/ble-nrf51822/source/ble-nrf51822.a(btle_gap.cpp.o)
 .text._ZL22sd_ble_gap_address_sethPK14ble_gap_addr_t
                0x000000000002302e        0x4 ym/ble-nrf51822/source/ble-nrf51822.a(nRF5xGap.cpp.o)
 .text._ZL22sd_ble_gap_address_getP14ble_gap_addr_t
                0x0000000000023032        0x4 ym/ble-nrf51822/source/ble-nrf51822.a(nRF5xGap.cpp.o)
 .text._ZL23sd_ble_gap_adv_data_setPKhhS0_h
                0x0000000000023036        0x4 ym/ble-nrf51822/source/ble-nrf51822.a(nRF5xGap.cpp.o)
 .text._ZL20sd_ble_gap_adv_startPK20ble_gap_adv_params_t
                0x000000000002303a        0x4 ym/ble-nrf51822/source/ble-nrf51822.a(nRF5xGap.cpp.o)
 .text._ZL19sd_ble_gap_adv_stopv
                0x000000000002303e        0x4 ym/ble-nrf51822/source/ble-nrf51822.a(nRF5xGap.cpp.o)
 .text._ZL28sd_ble_gap_conn_param_updatetPK21ble_gap_conn_params_t
                0x0000000000023042        0x4 ym/ble-nrf51822/source/ble-nrf51822.a(nRF5xGap.cpp.o)
 .text._ZL21sd_ble_gap_disconnectth
                0x0000000000023046        0x4 ym/ble-nrf51822/source/ble-nrf51822.a(nRF5xGap.cpp.o)
 .text._ZL23sd_ble_gap_tx_power_seta
                0x000000000002304a        0x4 ym/ble-nrf51822/source/ble-nrf51822.a(nRF5xGap.cpp.o)
 .text._ZL25sd_ble_gap_appearance_sett
                0x000000000002304e        0x4 ym/ble-nrf51822/source/ble-nrf51822.a(nRF5xGap.cpp.o)
 .text._ZL25sd_ble_gap_appearance_getPt
                0x0000000000023052        0x4 ym/ble-nrf51822/source/ble-nrf51822.a(nRF5xGap.cpp.o)
 .text._ZL19sd_ble_gap_ppcp_setPK21ble_gap_conn_params_t
                0x0000000000023056        0x4 ym/ble-nrf51822/source/ble-nrf51822.a(nRF5xGap.cpp.o)
 .text._ZL19sd_ble_gap_ppcp_getP21ble_gap_conn_params_t
                0x000000000002305a        0x4 ym/ble-nrf51822/source/ble-nrf51822.a(nRF5xGap.cpp.o)
 .text._ZL26sd_ble_gap_device_name_setPK23ble_gap_conn_sec_mode_tPKht
                0x000000000002305e        0x4 ym/ble-nrf51822/source/ble-nrf51822.a(nRF5xGap.cpp.o)
 .text._ZL26sd_ble_gap_device_name_getPhPt
                0x0000000000023062        0x4 ym/ble-nrf51822/source/ble-nrf51822.a(nRF5xGap.cpp.o)
 .text._ZL21sd_ble_gap_scan_startPK21ble_gap_scan_params_t
                0x0000000000023066        0x4 ym/ble-nrf51822/source/ble-nrf51822.a(nRF5xGap.cpp.o)
 .text._ZL20sd_ble_gap_scan_stopv
                0x000000000002306a        0x4 ym/ble-nrf51822/source/ble-nrf51822.a(nRF5xGap.cpp.o)
 .text._ZL18sd_ble_gap_connectPK14ble_gap_addr_tPK21ble_gap_scan_params_tPK21ble_gap_conn_params_t
                0x000000000002306e        0x4 ym/ble-nrf51822/source/ble-nrf51822.a(nRF5xGap.cpp.o)
 .text._ZN3Gap10setAddressENS_13AddressType_tEPKh
                0x0000000000023072        0x4 ym/ble-nrf51822/source/ble-nrf51822.a(nRF5xGap.cpp.o)
                0x0000000000023072                Gap::setAddress(Gap::AddressType_t, unsigned char const*)
 .text._ZN3Gap10getAddressEPNS_13AddressType_tEPh
                0x0000000000023076        0x4 ym/ble-nrf51822/source/ble-nrf51822.a(nRF5xGap.cpp.o)
                0x0000000000023076                Gap::getAddress(Gap::AddressType_t*, unsigned char*)
 .text._ZNK3Gap25getMinAdvertisingIntervalEv
                0x000000000002307a        0x4 ym/ble-nrf51822/source/ble-nrf51822.a(nRF5xGap.cpp.o)
                0x000000000002307a                Gap::getMinAdvertisingInterval() const
 .text._ZNK3Gap39getMinNonConnectableAdvertisingIntervalEv
                0x000000000002307e        0x4 ym/ble-nrf51822/source/ble-nrf51822.a(nRF5xGap.cpp.o)
                0x000000000002307e                Gap::getMinNonConnectableAdvertisingInterval() const
 .text._ZN3Gap15stopAdvertisingEv
                0x0000000000023082        0x4 ym/ble-nrf51822/source/ble-nrf51822.a(nRF5xGap.cpp.o)
                0x0000000000023082                Gap::stopAdvertising()
 .text._ZN3Gap8stopScanEv
                0x0000000000023086        0x4 ym/ble-nrf51822/source/ble-nrf51822.a(nRF5xGap.cpp.o)
                0x0000000000023086                Gap::stopScan()
 .text._ZN3Gap7connectEPKhNS_13AddressType_tEPKNS_18ConnectionParams_tEPK17GapScanningParams
                0x000000000002308a        0x4 ym/ble-nrf51822/source/ble-nrf51822.a(nRF5xGap.cpp.o)
                0x000000000002308a                Gap::connect(unsigned char const*, Gap::AddressType_t, Gap::ConnectionParams_t const*, GapScanningParams const*)
 .text._ZN3Gap10disconnectEtNS_21DisconnectionReason_tE
                0x000000000002308e        0x4 ym/ble-nrf51822/source/ble-nrf51822.a(nRF5xGap.cpp.o)
                0x000000000002308e                Gap::disconnect(unsigned short, Gap::DisconnectionReason_t)
 .text._ZN3Gap10disconnectENS_21DisconnectionReason_tE
                0x0000000000023092        0x4 ym/ble-nrf51822/source/ble-nrf51822.a(nRF5xGap.cpp.o)
                0x0000000000023092                Gap::disconnect(Gap::DisconnectionReason_t)
 .text._ZN3Gap28getPreferredConnectionParamsEPNS_18ConnectionParams_tE
                0x0000000000023096        0x4 ym/ble-nrf51822/source/ble-nrf51822.a(nRF5xGap.cpp.o)
                0x0000000000023096                Gap::getPreferredConnectionParams(Gap::ConnectionParams_t*)
 .text._ZN3Gap28setPreferredConnectionParamsEPKNS_18ConnectionParams_tE
                0x000000000002309a        0x4 ym/ble-nrf51822/source/ble-nrf51822.a(nRF5xGap.cpp.o)
                0x000000000002309a                Gap::setPreferredConnectionParams(Gap::ConnectionParams_t const*)
 .text._ZN3Gap22updateConnectionParamsEtPKNS_18ConnectionParams_tE
                0x000000000002309e        0x4 ym/ble-nrf51822/source/ble-nrf51822.a(nRF5xGap.cpp.o)
                0x000000000002309e                Gap::updateConnectionParams(unsigned short, Gap::ConnectionParams_t const*)
 .text._ZN3Gap13setDeviceNameEPKh
                0x00000000000230a2        0x4 ym/ble-nrf51822/source/ble-nrf51822.a(nRF5xGap.cpp.o)
                0x00000000000230a2                Gap::setDeviceName(unsigned char const*)
 .text._ZN3Gap13getDeviceNameEPhPj
                0x00000000000230a6        0x4 ym/ble-nrf51822/source/ble-nrf51822.a(nRF5xGap.cpp.o)
                0x00000000000230a6                Gap::getDeviceName(unsigned char*, unsigned int*)
 .text._ZN3Gap13setAppearanceEN18GapAdvertisingData12Appearance_tE
                0x00000000000230aa        0x4 ym/ble-nrf51822/source/ble-nrf51822.a(nRF5xGap.cpp.o)
                0x00000000000230aa                Gap::setAppearance(GapAdvertisingData::Appearance_t)
 .text._ZN3Gap13getAppearanceEPN18GapAdvertisingData12Appearance_tE
                0x00000000000230ae        0x4 ym/ble-nrf51822/source/ble-nrf51822.a(nRF5xGap.cpp.o)
                0x00000000000230ae                Gap::getAppearance(GapAdvertisingData::Appearance_t*)
 .text._ZN3Gap10setTxPowerEa
                0x00000000000230b2        0x4 ym/ble-nrf51822/source/ble-nrf51822.a(nRF5xGap.cpp.o)
                0x00000000000230b2                Gap::setTxPower(signed char)
 .text._ZN3Gap25getPermittedTxPowerValuesEPPKaPj
                0x00000000000230b6        0x6 ym/ble-nrf51822/source/ble-nrf51822.a(nRF5xGap.cpp.o)
                0x00000000000230b6                Gap::getPermittedTxPowerValues(signed char const**, unsigned int*)
 .text._ZN3Gap14startRadioScanERK17GapScanningParams
                0x00000000000230bc        0x4 ym/ble-nrf51822/source/ble-nrf51822.a(nRF5xGap.cpp.o)
                0x00000000000230bc                Gap::startRadioScan(GapScanningParams const&)
 .text._ZN3Gap21initRadioNotificationEv
                0x00000000000230c0        0x4 ym/ble-nrf51822/source/ble-nrf51822.a(nRF5xGap.cpp.o)
                0x00000000000230c0                Gap::initRadioNotification()
 .text._ZNK8nRF5xGap25getMinAdvertisingIntervalEv
                0x00000000000230c4        0x4 ym/ble-nrf51822/source/ble-nrf51822.a(nRF5xGap.cpp.o)
                0x00000000000230c4                nRF5xGap::getMinAdvertisingInterval() const
 .text._ZNK8nRF5xGap39getMinNonConnectableAdvertisingIntervalEv
                0x00000000000230c8        0x4 ym/ble-nrf51822/source/ble-nrf51822.a(nRF5xGap.cpp.o)
                0x00000000000230c8                nRF5xGap::getMinNonConnectableAdvertisingInterval() const
 .text._ZNK8nRF5xGap25getMaxAdvertisingIntervalEv
                0x00000000000230cc        0x6 ym/ble-nrf51822/source/ble-nrf51822.a(nRF5xGap.cpp.o)
                0x00000000000230cc                nRF5xGap::getMaxAdvertisingInterval() const
 .text._ZN8nRF5xGap14startRadioScanERK17GapScanningParams
                0x00000000000230d2       0x3a ym/ble-nrf51822/source/ble-nrf51822.a(nRF5xGap.cpp.o)
                0x00000000000230d2                nRF5xGap::startRadioScan(GapScanningParams const&)
 .text._ZN8nRF5xGap8stopScanEv
                0x000000000002310c       0x10 ym/ble-nrf51822/source/ble-nrf51822.a(nRF5xGap.cpp.o)
                0x000000000002310c                nRF5xGap::stopScan()
 .text._ZN8nRF5xGap15stopAdvertisingEv
                0x000000000002311c       0x20 ym/ble-nrf51822/source/ble-nrf51822.a(nRF5xGap.cpp.o)
                0x000000000002311c                nRF5xGap::stopAdvertising()
 .text._ZN8nRF5xGap10disconnectEtN3Gap21DisconnectionReason_tE
                0x000000000002313c       0x2c ym/ble-nrf51822/source/ble-nrf51822.a(nRF5xGap.cpp.o)
                0x000000000002313c                nRF5xGap::disconnect(unsigned short, Gap::DisconnectionReason_t)
 .text._ZN8nRF5xGap10disconnectEN3Gap21DisconnectionReason_tE
                0x0000000000023168       0x12 ym/ble-nrf51822/source/ble-nrf51822.a(nRF5xGap.cpp.o)
                0x0000000000023168                nRF5xGap::disconnect(Gap::DisconnectionReason_t)
 .text._ZN8nRF5xGap28getPreferredConnectionParamsEPN3Gap18ConnectionParams_tE
                0x000000000002317a       0x16 ym/ble-nrf51822/source/ble-nrf51822.a(nRF5xGap.cpp.o)
                0x000000000002317a                nRF5xGap::getPreferredConnectionParams(Gap::ConnectionParams_t*)
 .text._ZN8nRF5xGap28setPreferredConnectionParamsEPKN3Gap18ConnectionParams_tE
                0x0000000000023190       0x16 ym/ble-nrf51822/source/ble-nrf51822.a(nRF5xGap.cpp.o)
                0x0000000000023190                nRF5xGap::setPreferredConnectionParams(Gap::ConnectionParams_t const*)
 .text._ZN8nRF5xGap22updateConnectionParamsEtPKN3Gap18ConnectionParams_tE
                0x00000000000231a6       0x14 ym/ble-nrf51822/source/ble-nrf51822.a(nRF5xGap.cpp.o)
                0x00000000000231a6                nRF5xGap::updateConnectionParams(unsigned short, Gap::ConnectionParams_t const*)
 .text._ZN8nRF5xGap10getAddressEPN3Gap13AddressType_tEPh
                0x00000000000231ba       0x32 ym/ble-nrf51822/source/ble-nrf51822.a(nRF5xGap.cpp.o)
                0x00000000000231ba                nRF5xGap::getAddress(Gap::AddressType_t*, unsigned char*)
 .text._ZN8nRF5xGap13getDeviceNameEPhPj
                0x00000000000231ec       0x14 ym/ble-nrf51822/source/ble-nrf51822.a(nRF5xGap.cpp.o)
                0x00000000000231ec                nRF5xGap::getDeviceName(unsigned char*, unsigned int*)
 .text._ZN8nRF5xGap13setAppearanceEN18GapAdvertisingData12Appearance_tE
                0x0000000000023200       0x12 ym/ble-nrf51822/source/ble-nrf51822.a(nRF5xGap.cpp.o)
                0x0000000000023200                nRF5xGap::setAppearance(GapAdvertisingData::Appearance_t)
 .text._ZN8nRF5xGap13getAppearanceEPN18GapAdvertisingData12Appearance_tE
                0x0000000000023212       0x12 ym/ble-nrf51822/source/ble-nrf51822.a(nRF5xGap.cpp.o)
                0x0000000000023212                nRF5xGap::getAppearance(GapAdvertisingData::Appearance_t*)
 .text._ZN8nRF5xGap10setTxPowerEa
                0x0000000000023224       0x1a ym/ble-nrf51822/source/ble-nrf51822.a(nRF5xGap.cpp.o)
                0x0000000000023224                nRF5xGap::setTxPower(signed char)
 .text._ZN8nRF5xGap13setDeviceNameEPKh
                0x000000000002323e       0x24 ym/ble-nrf51822/source/ble-nrf51822.a(nRF5xGap.cpp.o)
                0x000000000002323e                nRF5xGap::setDeviceName(unsigned char const*)
 .text._ZN8nRF5xGap10setAddressEN3Gap13AddressType_tEPKh
                0x0000000000023262       0x2a ym/ble-nrf51822/source/ble-nrf51822.a(nRF5xGap.cpp.o)
                0x0000000000023262                nRF5xGap::setAddress(Gap::AddressType_t, unsigned char const*)
 .text._ZN8nRF5xGap18setAdvertisingDataERK18GapAdvertisingDataS2_
                0x000000000002328c       0x2e ym/ble-nrf51822/source/ble-nrf51822.a(nRF5xGap.cpp.o)
                0x000000000002328c                nRF5xGap::setAdvertisingData(GapAdvertisingData const&, GapAdvertisingData const&)
 .text._ZN38CallChainOfFunctionPointersWithContextIPKN3Gap26ConnectionCallbackParams_tEED0Ev
                0x00000000000232ba       0x12 ym/ble-nrf51822/source/ble-nrf51822.a(nRF5xGap.cpp.o)
                0x00000000000232ba                CallChainOfFunctionPointersWithContext<Gap::ConnectionCallbackParams_t const*>::~CallChainOfFunctionPointersWithContext()
 .text._ZN38CallChainOfFunctionPointersWithContextIPKN3Gap29DisconnectionCallbackParams_tEED0Ev
                0x00000000000232cc       0x12 ym/ble-nrf51822/source/ble-nrf51822.a(nRF5xGap.cpp.o)
                0x00000000000232cc                CallChainOfFunctionPointersWithContext<Gap::DisconnectionCallbackParams_t const*>::~CallChainOfFunctionPointersWithContext()
 .text._ZN18GapAdvertisingDataC2Ev
                0x00000000000232de       0x1a ym/ble-nrf51822/source/ble-nrf51822.a(nRF5xGap.cpp.o)
                0x00000000000232de                GapAdvertisingData::GapAdvertisingData()
                0x00000000000232de                GapAdvertisingData::GapAdvertisingData()
 .text._ZN18GapAdvertisingData5clearEv
                0x00000000000232f8       0x12 ym/ble-nrf51822/source/ble-nrf51822.a(nRF5xGap.cpp.o)
                0x00000000000232f8                GapAdvertisingData::clear()
 .text._Z31radioNotificationStaticCallbackb
                0x000000000002330a       0x34 ym/ble-nrf51822/source/ble-nrf51822.a(nRF5xGap.cpp.o)
                0x000000000002330a                radioNotificationStaticCallback(bool)
 .text._ZN8nRF5xGap19setConnectionHandleEt
                0x000000000002333e        0x6 ym/ble-nrf51822/source/ble-nrf51822.a(nRF5xGap.cpp.o)
                0x000000000002333e                nRF5xGap::setConnectionHandle(unsigned short)
 .text._ZN8nRF5xGap19getConnectionHandleEv
                0x0000000000023344        0x6 ym/ble-nrf51822/source/ble-nrf51822.a(nRF5xGap.cpp.o)
                0x0000000000023344                nRF5xGap::getConnectionHandle()
 .text._Z20bleGattcEventHandlerPK9ble_evt_t
                0x000000000002334a       0xf6 ym/ble-nrf51822/source/ble-nrf51822.a(btle_discovery.cpp.o)
                0x000000000002334a                bleGattcEventHandler(ble_evt_t const*)
 .text._ZL38sd_ble_gattc_primary_services_discoverttPK10ble_uuid_t
                0x0000000000023440        0x4 ym/ble-nrf51822/source/ble-nrf51822.a(nRF5xServiceDiscovery.cpp.o)
 .text._ZL37sd_ble_gattc_characteristics_discovertPK24ble_gattc_handle_range_t
                0x0000000000023444        0x4 ym/ble-nrf51822/source/ble-nrf51822.a(nRF5xServiceDiscovery.cpp.o)
 .text._ZL36sd_ble_gattc_char_value_by_uuid_readtPK10ble_uuid_tPK24ble_gattc_handle_range_t
                0x0000000000023448        0x4 ym/ble-nrf51822/source/ble-nrf51822.a(nRF5xServiceDiscovery.cpp.o)
 .text._ZN21nRF5xServiceDiscovery32terminateCharacteristicDiscoveryEv
                0x000000000002344c       0x18 ym/ble-nrf51822/source/ble-nrf51822.a(nRF5xServiceDiscovery.cpp.o)
                0x000000000002344c                nRF5xServiceDiscovery::terminateCharacteristicDiscovery()
 .text._ZN21nRF5xServiceDiscovery25ServiceUUIDDiscoveryQueue7dequeueEv
                0x0000000000023464       0x24 ym/ble-nrf51822/source/ble-nrf51822.a(nRF5xServiceDiscovery.cpp.o)
                0x0000000000023464                nRF5xServiceDiscovery::ServiceUUIDDiscoveryQueue::dequeue()
 .text._ZN21nRF5xServiceDiscovery22CharUUIDDiscoveryQueue7dequeueEv
                0x0000000000023488       0x24 ym/ble-nrf51822/source/ble-nrf51822.a(nRF5xServiceDiscovery.cpp.o)
                0x0000000000023488                nRF5xServiceDiscovery::CharUUIDDiscoveryQueue::dequeue()
 .text._ZN21nRF5xServiceDiscovery31progressCharacteristicDiscoveryEv
                0x00000000000234ac       0xc2 ym/ble-nrf51822/source/ble-nrf51822.a(nRF5xServiceDiscovery.cpp.o)
                0x00000000000234ac                nRF5xServiceDiscovery::progressCharacteristicDiscovery()
 .text._ZN21nRF5xServiceDiscovery23setupDiscoveredServicesEPK34ble_gattc_evt_prim_srvc_disc_rsp_t
                0x000000000002356e       0xac ym/ble-nrf51822/source/ble-nrf51822.a(nRF5xServiceDiscovery.cpp.o)
                0x000000000002356e                nRF5xServiceDiscovery::setupDiscoveredServices(ble_gattc_evt_prim_srvc_disc_rsp_t const*)
 .text._ZN21nRF5xServiceDiscovery30setupDiscoveredCharacteristicsEPK29ble_gattc_evt_char_disc_rsp_t
                0x000000000002361a       0xbe ym/ble-nrf51822/source/ble-nrf51822.a(nRF5xServiceDiscovery.cpp.o)
                0x000000000002361a                nRF5xServiceDiscovery::setupDiscoveredCharacteristics(ble_gattc_evt_char_disc_rsp_t const*)
 .text.sd_nvic_EnableIRQ
                0x00000000000236d8        0x4 ym/ble-nrf51822/source/ble-nrf51822.a(softdevice_handler.c.o)
 .text.sd_evt_get
                0x00000000000236dc        0x4 ym/ble-nrf51822/source/ble-nrf51822.a(softdevice_handler.c.o)
 .text.sd_softdevice_enable
                0x00000000000236e0        0x4 ym/ble-nrf51822/source/ble-nrf51822.a(softdevice_handler.c.o)
 .text.sd_softdevice_disable
                0x00000000000236e4        0x4 ym/ble-nrf51822/source/ble-nrf51822.a(softdevice_handler.c.o)
 .text.sd_ble_evt_get
                0x00000000000236e8        0x4 ym/ble-nrf51822/source/ble-nrf51822.a(softdevice_handler.c.o)
 .text.softdevice_assertion_handler
                0x00000000000236ec        0xc ym/ble-nrf51822/source/ble-nrf51822.a(softdevice_handler.c.o)
                0x00000000000236ec                softdevice_assertion_handler
 .text.sd_ble_gap_sec_params_reply
                0x00000000000236f8        0x4 ym/ble-nrf51822/source/ble-nrf51822.a(device_manager_peripheral.c.o)
 .text.sd_ble_gap_sec_info_reply
                0x00000000000236fc        0x4 ym/ble-nrf51822/source/ble-nrf51822.a(device_manager_peripheral.c.o)
 .text.sd_ble_gatts_service_changed
                0x0000000000023700        0x4 ym/ble-nrf51822/source/ble-nrf51822.a(device_manager_peripheral.c.o)
 .text.sd_ble_gatts_sys_attr_set
                0x0000000000023704        0x4 ym/ble-nrf51822/source/ble-nrf51822.a(device_manager_peripheral.c.o)
 .text.sd_ble_gatts_sys_attr_get
                0x0000000000023708        0x4 ym/ble-nrf51822/source/ble-nrf51822.a(device_manager_peripheral.c.o)
 .text.storage_operation_dummy_handler
                0x000000000002370c        0x4 ym/ble-nrf51822/source/ble-nrf51822.a(device_manager_peripheral.c.o)
 .text.no_service_context_store
                0x0000000000023710        0x4 ym/ble-nrf51822/source/ble-nrf51822.a(device_manager_peripheral.c.o)
 .text.gattc_context_store
                0x0000000000023714        0x4 ym/ble-nrf51822/source/ble-nrf51822.a(device_manager_peripheral.c.o)
 .text.no_service_context_load
                0x0000000000023718        0x4 ym/ble-nrf51822/source/ble-nrf51822.a(device_manager_peripheral.c.o)
 .text.gattc_context_load
                0x000000000002371c        0x4 ym/ble-nrf51822/source/ble-nrf51822.a(device_manager_peripheral.c.o)
 .text.no_service_context_apply
                0x0000000000023720        0x4 ym/ble-nrf51822/source/ble-nrf51822.a(device_manager_peripheral.c.o)
 .text.gattc_context_apply
                0x0000000000023724        0x4 ym/ble-nrf51822/source/ble-nrf51822.a(device_manager_peripheral.c.o)
 .text.gattsc_context_store
                0x0000000000023728        0x8 ym/ble-nrf51822/source/ble-nrf51822.a(device_manager_peripheral.c.o)
 .text.gattsc_context_apply
                0x0000000000023730        0x8 ym/ble-nrf51822/source/ble-nrf51822.a(device_manager_peripheral.c.o)
 .text.gattsc_context_load
                0x0000000000023738        0x8 ym/ble-nrf51822/source/ble-nrf51822.a(device_manager_peripheral.c.o)
 .text.sd_flash_write
                0x0000000000023740        0x4 ym/ble-nrf51822/source/ble-nrf51822.a(pstorage.c.o)
 .text.sd_flash_page_erase
                0x0000000000023744        0x4 ym/ble-nrf51822/source/ble-nrf51822.a(pstorage.c.o)
 .text._ZL31sd_ble_gatts_characteristic_addtPK19ble_gatts_char_md_tPK16ble_gatts_attr_tP24ble_gatts_char_handles_t
                0x0000000000023748        0x4 ym/ble-nrf51822/source/ble-nrf51822.a(custom_helper.cpp.o)
 .text._ZL27sd_ble_gatts_descriptor_addtPK16ble_gatts_attr_tPt
                0x000000000002374c        0x4 ym/ble-nrf51822/source/ble-nrf51822.a(custom_helper.cpp.o)
 .text._ZL18sd_ble_uuid_vs_addPK13ble_uuid128_tPh
                0x0000000000023750        0x4 ym/ble-nrf51822/source/ble-nrf51822.a(custom_helper.cpp.o)
 .text.custom_add_uuid_base
                0x0000000000023754       0x30 ym/ble-nrf51822/source/ble-nrf51822.a(custom_helper.cpp.o)
                0x0000000000023754                custom_add_uuid_base
 .text.custom_add_in_characteristic